Flow report for lab4
Thu Apr 06 21:56:43 2017
Quartus Prime Version 15.1.0 Build 185 10/21/2015 SJ Standard Edition


---------------------
; Table of Contents ;
---------------------
  1. Legal Notice
  2. Flow Summary
  3. Flow Settings
  4. Flow Non-Default Global Settings
  5. Flow Elapsed Time
  6. Flow OS Summary
  7. Flow Log
  8. Flow Messages
  9. Flow Suppressed Messages



----------------
; Legal Notice ;
----------------
Copyright (C) 1991-2015 Altera Corporation. All rights reserved.
Your use of Altera Corporation's design tools, logic functions 
and other software and tools, and its AMPP partner logic 
functions, and any output files from any of the foregoing 
(including device programming or simulation files), and any 
associated documentation or information are expressly subject 
to the terms and conditions of the Altera Program License 
Subscription Agreement, the Altera Quartus Prime License Agreement,
the Altera MegaCore Function License Agreement, or other 
applicable license agreement, including, without limitation, 
that your use is for the sole purpose of programming logic 
devices manufactured by Altera and sold by Altera or its 
authorized distributors.  Please refer to the applicable 
agreement for further details.



+-----------------------------------------------------------------------------------+
; Flow Summary                                                                      ;
+---------------------------------+-------------------------------------------------+
; Flow Status                     ; Successful - Thu Apr 06 21:56:22 2017           ;
; Quartus Prime Version           ; 15.1.0 Build 185 10/21/2015 SJ Standard Edition ;
; Revision Name                   ; lab4                                            ;
; Top-level Entity Name           ; lab4                                            ;
; Family                          ; Cyclone V                                       ;
; Device                          ; 5CSEMA5F31C6                                    ;
; Timing Models                   ; Final                                           ;
; Logic utilization (in ALMs)     ; 3,649 / 32,070 ( 11 % )                         ;
; Total registers                 ; 10564                                           ;
; Total pins                      ; 189 / 457 ( 41 % )                              ;
; Total virtual pins              ; 0                                               ;
; Total block memory bits         ; 385,792 / 4,065,280 ( 9 % )                     ;
; Total DSP Blocks                ; 0 / 87 ( 0 % )                                  ;
; Total HSSI RX PCSs              ; 0                                               ;
; Total HSSI PMA RX Deserializers ; 0                                               ;
; Total HSSI TX PCSs              ; 0                                               ;
; Total HSSI PMA TX Serializers   ; 0                                               ;
; Total PLLs                      ; 0 / 6 ( 0 % )                                   ;
; Total DLLs                      ; 0 / 4 ( 0 % )                                   ;
+---------------------------------+-------------------------------------------------+


+-----------------------------------------+
; Flow Settings                           ;
+-------------------+---------------------+
; Option            ; Setting             ;
+-------------------+---------------------+
; Start date & time ; 03/26/2017 21:30:44 ;
; Main task         ; Compilation         ;
; Revision Name     ; lab4                ;
+-------------------+---------------------+


+------------------------------------------------------------------------------------------------------------------------------------------------+
; Flow Non-Default Global Settings                                                                                                               ;
+-------------------------------------+---------------------------------------------------------------+---------------+-------------+------------+
; Assignment Name                     ; Value                                                         ; Default Value ; Entity Name ; Section Id ;
+-------------------------------------+---------------------------------------------------------------+---------------+-------------+------------+
; COMPILER_SIGNATURE_ID               ; 26830024664367.149057824306848                                ; --            ; --          ; --         ;
; MAX_CORE_JUNCTION_TEMP              ; 85                                                            ; --            ; --          ; --         ;
; MIN_CORE_JUNCTION_TEMP              ; 0                                                             ; --            ; --          ; --         ;
; MISC_FILE                           ; wave_ram.bsf                                                  ; --            ; --          ; --         ;
; MISC_FILE                           ; wave_ram_inst.vhd                                             ; --            ; --          ; --         ;
; MISC_FILE                           ; wave_ram.cmp                                                  ; --            ; --          ; --         ;
; MISC_FILE                           ; nios_system/synthesis/../nios_system.cmp                      ; --            ; --          ; --         ;
; MISC_FILE                           ; nios_system/synthesis/../../nios_system.qsys                  ; --            ; --          ; --         ;
; PARTITION_COLOR                     ; 16764057                                                      ; --            ; equalizer   ; Top        ;
; PARTITION_COLOR                     ; 16764057                                                      ; --            ; --          ; Top        ;
; PARTITION_COLOR                     ; 16764057                                                      ; --            ; lights      ; Top        ;
; PARTITION_FITTER_PRESERVATION_LEVEL ; PLACEMENT_AND_ROUTING                                         ; --            ; equalizer   ; Top        ;
; PARTITION_FITTER_PRESERVATION_LEVEL ; PLACEMENT_AND_ROUTING                                         ; --            ; --          ; Top        ;
; PARTITION_FITTER_PRESERVATION_LEVEL ; PLACEMENT_AND_ROUTING                                         ; --            ; lights      ; Top        ;
; PARTITION_NETLIST_TYPE              ; SOURCE                                                        ; --            ; equalizer   ; Top        ;
; PARTITION_NETLIST_TYPE              ; SOURCE                                                        ; --            ; --          ; Top        ;
; PARTITION_NETLIST_TYPE              ; SOURCE                                                        ; --            ; lights      ; Top        ;
; POWER_BOARD_THERMAL_MODEL           ; None (CONSERVATIVE)                                           ; --            ; --          ; --         ;
; POWER_PRESET_COOLING_SOLUTION       ; 23 MM HEAT SINK WITH 200 LFPM AIRFLOW                         ; --            ; --          ; --         ;
; PROJECT_OUTPUT_DIRECTORY            ; output_files                                                  ; --            ; --          ; --         ;
; SLD_FILE                            ; nios_system/synthesis/nios_system.regmap                      ; --            ; --          ; --         ;
; SLD_FILE                            ; nios_system/synthesis/nios_system.debuginfo                   ; --            ; --          ; --         ;
; SLD_INFO                            ; QSYS_NAME nios_system HAS_SOPCINFO 1 GENERATION_ID 1490211520 ; --            ; nios_system ; --         ;
; SOPCINFO_FILE                       ; nios_system/synthesis/../../nios_system.sopcinfo              ; --            ; --          ; --         ;
; SYNTHESIS_ONLY_QIP                  ; On                                                            ; --            ; --          ; --         ;
+-------------------------------------+---------------------------------------------------------------+---------------+-------------+------------+


+-------------------------------------------------------------------------------------------------------------------------------+
; Flow Elapsed Time                                                                                                             ;
+---------------------------+--------------+-------------------------+---------------------+------------------------------------+
; Module Name               ; Elapsed Time ; Average Processors Used ; Peak Virtual Memory ; Total CPU Time (on all processors) ;
+---------------------------+--------------+-------------------------+---------------------+------------------------------------+
; Analysis & Synthesis      ; 00:00:27     ; 1.0                     ; 995 MB              ; 00:00:46                           ;
; Fitter                    ; 00:00:58     ; 1.2                     ; 2748 MB             ; 00:01:41                           ;
; Assembler                 ; 00:00:12     ; 1.0                     ; 896 MB              ; 00:00:09                           ;
; TimeQuest Timing Analyzer ; 00:00:11     ; 1.3                     ; 1253 MB             ; 00:00:13                           ;
; Analysis & Synthesis      ; 00:00:23     ; 1.0                     ; 978 MB              ; 00:00:44                           ;
; Partition Merge           ; 00:00:03     ; 1.0                     ; 941 MB              ; 00:00:02                           ;
; Fitter                    ; 00:00:45     ; 1.1                     ; 2862 MB             ; 00:01:17                           ;
; Assembler                 ; 00:00:10     ; 1.0                     ; 899 MB              ; 00:00:09                           ;
; TimeQuest Timing Analyzer ; 00:00:11     ; 1.3                     ; 1246 MB             ; 00:00:14                           ;
; Analysis & Synthesis      ; 00:00:30     ; 1.0                     ; 1036 MB             ; 00:00:49                           ;
; Partition Merge           ; 00:00:02     ; 1.0                     ; 807 MB              ; 00:00:01                           ;
; Fitter                    ; 00:01:09     ; 1.2                     ; 2781 MB             ; 00:02:08                           ;
; Assembler                 ; 00:00:13     ; 1.0                     ; 917 MB              ; 00:00:10                           ;
; TimeQuest Timing Analyzer ; 00:00:12     ; 1.6                     ; 1287 MB             ; 00:00:18                           ;
; Analysis & Synthesis      ; 00:00:30     ; 1.0                     ; 1043 MB             ; 00:00:54                           ;
; Partition Merge           ; 00:00:03     ; 1.0                     ; 960 MB              ; 00:00:03                           ;
; Fitter                    ; 00:00:29     ; 1.0                     ; 2246 MB             ; 00:00:38                           ;
; Analysis & Synthesis      ; 00:00:25     ; 1.0                     ; 1023 MB             ; 00:00:48                           ;
; Partition Merge           ; 00:00:02     ; 1.0                     ; 959 MB              ; 00:00:03                           ;
; Fitter                    ; 00:00:28     ; 1.0                     ; 2241 MB             ; 00:00:38                           ;
; Analysis & Synthesis      ; 00:00:26     ; 1.0                     ; 1035 MB             ; 00:00:48                           ;
; Partition Merge           ; 00:00:02     ; 1.0                     ; 959 MB              ; 00:00:02                           ;
; Fitter                    ; 00:00:56     ; 1.1                     ; 2823 MB             ; 00:01:40                           ;
; Assembler                 ; 00:00:10     ; 1.0                     ; 916 MB              ; 00:00:09                           ;
; TimeQuest Timing Analyzer ; 00:00:11     ; 1.7                     ; 1280 MB             ; 00:00:17                           ;
; Analysis & Synthesis      ; 00:00:25     ; 1.0                     ; 1015 MB             ; 00:00:49                           ;
; Partition Merge           ; 00:00:02     ; 1.0                     ; 960 MB              ; 00:00:02                           ;
; Fitter                    ; 00:00:57     ; 1.1                     ; 2812 MB             ; 00:01:44                           ;
; Assembler                 ; 00:00:09     ; 1.0                     ; 914 MB              ; 00:00:09                           ;
; TimeQuest Timing Analyzer ; 00:00:11     ; 1.9                     ; 1278 MB             ; 00:00:17                           ;
; Analysis & Synthesis      ; 00:01:00     ; 1.8                     ; 1158 MB             ; 00:01:43                           ;
; Partition Merge           ; 00:00:04     ; 1.0                     ; 852 MB              ; 00:00:03                           ;
; Fitter                    ; 00:01:48     ; 1.2                     ; 2881 MB             ; 00:04:02                           ;
; Assembler                 ; 00:00:15     ; 1.0                     ; 960 MB              ; 00:00:12                           ;
; TimeQuest Timing Analyzer ; 00:00:17     ; 2.3                     ; 1382 MB             ; 00:00:33                           ;
; Total                     ; 00:14:16     ; --                      ; --                  ; 00:24:15                           ;
+---------------------------+--------------+-------------------------+---------------------+------------------------------------+


+----------------------------------------------------------------------------------------+
; Flow OS Summary                                                                        ;
+---------------------------+------------------+-----------+------------+----------------+
; Module Name               ; Machine Hostname ; OS Name   ; OS Version ; Processor type ;
+---------------------------+------------------+-----------+------------+----------------+
; Analysis & Synthesis      ; ECTET-1360-05    ; Windows 7 ; 6.1        ; x86_64         ;
; Fitter                    ; ECTET-1360-05    ; Windows 7 ; 6.1        ; x86_64         ;
; Assembler                 ; ECTET-1360-05    ; Windows 7 ; 6.1        ; x86_64         ;
; TimeQuest Timing Analyzer ; ECTET-1360-05    ; Windows 7 ; 6.1        ; x86_64         ;
; Analysis & Synthesis      ; ECTET-1360-05    ; Windows 7 ; 6.1        ; x86_64         ;
; Partition Merge           ; ECTET-1360-05    ; Windows 7 ; 6.1        ; x86_64         ;
; Fitter                    ; ECTET-1360-05    ; Windows 7 ; 6.1        ; x86_64         ;
; Assembler                 ; ECTET-1360-05    ; Windows 7 ; 6.1        ; x86_64         ;
; TimeQuest Timing Analyzer ; ECTET-1360-05    ; Windows 7 ; 6.1        ; x86_64         ;
; Analysis & Synthesis      ; ECTET-1360-04    ; Windows 7 ; 6.1        ; x86_64         ;
; Partition Merge           ; ECTET-1360-04    ; Windows 7 ; 6.1        ; x86_64         ;
; Fitter                    ; ECTET-1360-04    ; Windows 7 ; 6.1        ; x86_64         ;
; Assembler                 ; ECTET-1360-04    ; Windows 7 ; 6.1        ; x86_64         ;
; TimeQuest Timing Analyzer ; ECTET-1360-04    ; Windows 7 ; 6.1        ; x86_64         ;
; Analysis & Synthesis      ; ECTET-1360-04    ; Windows 7 ; 6.1        ; x86_64         ;
; Partition Merge           ; ECTET-1360-04    ; Windows 7 ; 6.1        ; x86_64         ;
; Fitter                    ; ECTET-1360-04    ; Windows 7 ; 6.1        ; x86_64         ;
; Analysis & Synthesis      ; ECTET-1360-04    ; Windows 7 ; 6.1        ; x86_64         ;
; Partition Merge           ; ECTET-1360-04    ; Windows 7 ; 6.1        ; x86_64         ;
; Fitter                    ; ECTET-1360-04    ; Windows 7 ; 6.1        ; x86_64         ;
; Analysis & Synthesis      ; ECTET-1360-04    ; Windows 7 ; 6.1        ; x86_64         ;
; Partition Merge           ; ECTET-1360-04    ; Windows 7 ; 6.1        ; x86_64         ;
; Fitter                    ; ECTET-1360-04    ; Windows 7 ; 6.1        ; x86_64         ;
; Assembler                 ; ECTET-1360-04    ; Windows 7 ; 6.1        ; x86_64         ;
; TimeQuest Timing Analyzer ; ECTET-1360-04    ; Windows 7 ; 6.1        ; x86_64         ;
; Analysis & Synthesis      ; ECTET-1360-04    ; Windows 7 ; 6.1        ; x86_64         ;
; Partition Merge           ; ECTET-1360-04    ; Windows 7 ; 6.1        ; x86_64         ;
; Fitter                    ; ECTET-1360-04    ; Windows 7 ; 6.1        ; x86_64         ;
; Assembler                 ; ECTET-1360-04    ; Windows 7 ; 6.1        ; x86_64         ;
; TimeQuest Timing Analyzer ; ECTET-1360-04    ; Windows 7 ; 6.1        ; x86_64         ;
; Analysis & Synthesis      ; ECTET-1360-04    ; Windows 7 ; 6.1        ; x86_64         ;
; Partition Merge           ; ECTET-1360-04    ; Windows 7 ; 6.1        ; x86_64         ;
; Fitter                    ; ECTET-1360-04    ; Windows 7 ; 6.1        ; x86_64         ;
; Assembler                 ; ECTET-1360-04    ; Windows 7 ; 6.1        ; x86_64         ;
; TimeQuest Timing Analyzer ; ECTET-1360-04    ; Windows 7 ; 6.1        ; x86_64         ;
+---------------------------+------------------+-----------+------------+----------------+


------------
; Flow Log ;
------------
quartus_map --read_settings_files=on --write_settings_files=off lab4 -c lab4
quartus_fit --read_settings_files=off --write_settings_files=off lab4 -c lab4
quartus_asm --read_settings_files=off --write_settings_files=off lab4 -c lab4
quartus_sta lab4 -c lab4
quartus_map --read_settings_files=on --write_settings_files=off lab4 -c lab4
quartus_cdb --read_settings_files=off --write_settings_files=off lab4 -c lab4 --merge=on
quartus_fit --read_settings_files=off --write_settings_files=off lab4 -c lab4
quartus_asm --read_settings_files=off --write_settings_files=off lab4 -c lab4
quartus_sta lab4 -c lab4
quartus_map --read_settings_files=on --write_settings_files=off lab4 -c lab4
quartus_cdb --read_settings_files=off --write_settings_files=off lab4 -c lab4 --merge=on
quartus_fit --read_settings_files=off --write_settings_files=off lab4 -c lab4
quartus_asm --read_settings_files=off --write_settings_files=off lab4 -c lab4
quartus_sta lab4 -c lab4
quartus_map --read_settings_files=on --write_settings_files=off lab4 -c lab4
quartus_cdb --read_settings_files=off --write_settings_files=off lab4 -c lab4 --merge=on
quartus_fit --read_settings_files=off --write_settings_files=off lab4 -c lab4
quartus_map --read_settings_files=on --write_settings_files=off lab4 -c lab4
quartus_cdb --read_settings_files=off --write_settings_files=off lab4 -c lab4 --merge=on
quartus_fit --read_settings_files=off --write_settings_files=off lab4 -c lab4
quartus_map --read_settings_files=on --write_settings_files=off lab4 -c lab4
quartus_cdb --read_settings_files=off --write_settings_files=off lab4 -c lab4 --merge=on
quartus_fit --read_settings_files=off --write_settings_files=off lab4 -c lab4
quartus_asm --read_settings_files=off --write_settings_files=off lab4 -c lab4
quartus_sta lab4 -c lab4
quartus_map --read_settings_files=on --write_settings_files=off lab4 -c lab4
quartus_cdb --read_settings_files=off --write_settings_files=off lab4 -c lab4 --merge=on
quartus_fit --read_settings_files=off --write_settings_files=off lab4 -c lab4
quartus_asm --read_settings_files=off --write_settings_files=off lab4 -c lab4
quartus_sta lab4 -c lab4
quartus_map --read_settings_files=on --write_settings_files=off lab4 -c lab4
quartus_cdb --read_settings_files=off --write_settings_files=off lab4 -c lab4 --merge=on
quartus_fit --read_settings_files=off --write_settings_files=off lab4 -c lab4
quartus_asm --read_settings_files=off --write_settings_files=off lab4 -c lab4
quartus_sta lab4 -c lab4



