Archive member included to satisfy reference by file (symbol)

C:/Users/zdw7287/Downloads/Embedded-Systems-Design-I/cpet561/lab4/lab4_src/lab4_software_src/nios_software_bsp/\libhal_bsp.a(alt_load.o)
                              C:/Users/zdw7287/Downloads/Embedded-Systems-Design-I/cpet561/lab4/lab4_src/lab4_software_src/nios_software_bsp//obj/HAL/src/crt0.o (alt_load)
C:/Users/zdw7287/Downloads/Embedded-Systems-Design-I/cpet561/lab4/lab4_src/lab4_software_src/nios_software_bsp/\libhal_bsp.a(alt_main.o)
                              C:/Users/zdw7287/Downloads/Embedded-Systems-Design-I/cpet561/lab4/lab4_src/lab4_software_src/nios_software_bsp//obj/HAL/src/crt0.o (alt_main)
C:/Users/zdw7287/Downloads/Embedded-Systems-Design-I/cpet561/lab4/lab4_src/lab4_software_src/nios_software_bsp/\libhal_bsp.a(alt_sys_init.o)
                              C:/Users/zdw7287/Downloads/Embedded-Systems-Design-I/cpet561/lab4/lab4_src/lab4_software_src/nios_software_bsp/\libhal_bsp.a(alt_main.o) (alt_irq_init)
C:/Users/zdw7287/Downloads/Embedded-Systems-Design-I/cpet561/lab4/lab4_src/lab4_software_src/nios_software_bsp/\libhal_bsp.a(altera_avalon_jtag_uart_fd.o)
                              C:/Users/zdw7287/Downloads/Embedded-Systems-Design-I/cpet561/lab4/lab4_src/lab4_software_src/nios_software_bsp/\libhal_bsp.a(alt_sys_init.o) (altera_avalon_jtag_uart_read_fd)
C:/Users/zdw7287/Downloads/Embedded-Systems-Design-I/cpet561/lab4/lab4_src/lab4_software_src/nios_software_bsp/\libhal_bsp.a(altera_avalon_jtag_uart_init.o)
                              C:/Users/zdw7287/Downloads/Embedded-Systems-Design-I/cpet561/lab4/lab4_src/lab4_software_src/nios_software_bsp/\libhal_bsp.a(alt_sys_init.o) (altera_avalon_jtag_uart_init)
C:/Users/zdw7287/Downloads/Embedded-Systems-Design-I/cpet561/lab4/lab4_src/lab4_software_src/nios_software_bsp/\libhal_bsp.a(altera_avalon_jtag_uart_ioctl.o)
                              C:/Users/zdw7287/Downloads/Embedded-Systems-Design-I/cpet561/lab4/lab4_src/lab4_software_src/nios_software_bsp/\libhal_bsp.a(altera_avalon_jtag_uart_fd.o) (altera_avalon_jtag_uart_ioctl)
C:/Users/zdw7287/Downloads/Embedded-Systems-Design-I/cpet561/lab4/lab4_src/lab4_software_src/nios_software_bsp/\libhal_bsp.a(altera_avalon_jtag_uart_read.o)
                              C:/Users/zdw7287/Downloads/Embedded-Systems-Design-I/cpet561/lab4/lab4_src/lab4_software_src/nios_software_bsp/\libhal_bsp.a(altera_avalon_jtag_uart_fd.o) (altera_avalon_jtag_uart_read)
C:/Users/zdw7287/Downloads/Embedded-Systems-Design-I/cpet561/lab4/lab4_src/lab4_software_src/nios_software_bsp/\libhal_bsp.a(altera_avalon_jtag_uart_write.o)
                              C:/Users/zdw7287/Downloads/Embedded-Systems-Design-I/cpet561/lab4/lab4_src/lab4_software_src/nios_software_bsp/\libhal_bsp.a(altera_avalon_jtag_uart_fd.o) (altera_avalon_jtag_uart_write)
C:/Users/zdw7287/Downloads/Embedded-Systems-Design-I/cpet561/lab4/lab4_src/lab4_software_src/nios_software_bsp/\libhal_bsp.a(alt_alarm_start.o)
                              C:/Users/zdw7287/Downloads/Embedded-Systems-Design-I/cpet561/lab4/lab4_src/lab4_software_src/nios_software_bsp/\libhal_bsp.a(altera_avalon_jtag_uart_init.o) (alt_alarm_start)
C:/Users/zdw7287/Downloads/Embedded-Systems-Design-I/cpet561/lab4/lab4_src/lab4_software_src/nios_software_bsp/\libhal_bsp.a(alt_close.o)
                              C:/Users/zdw7287/Downloads/Embedded-Systems-Design-I/cpet561/lab4/lab4_src/lab4_software_src/nios_software_bsp/\libhal_bsp.a(alt_main.o) (close)
C:/Users/zdw7287/Downloads/Embedded-Systems-Design-I/cpet561/lab4/lab4_src/lab4_software_src/nios_software_bsp/\libhal_bsp.a(alt_dcache_flush_all.o)
                              C:/Users/zdw7287/Downloads/Embedded-Systems-Design-I/cpet561/lab4/lab4_src/lab4_software_src/nios_software_bsp/\libhal_bsp.a(alt_load.o) (alt_dcache_flush_all)
C:/Users/zdw7287/Downloads/Embedded-Systems-Design-I/cpet561/lab4/lab4_src/lab4_software_src/nios_software_bsp/\libhal_bsp.a(alt_dev.o)
                              C:/Users/zdw7287/Downloads/Embedded-Systems-Design-I/cpet561/lab4/lab4_src/lab4_software_src/nios_software_bsp/\libhal_bsp.a(alt_sys_init.o) (alt_dev_list)
C:/Users/zdw7287/Downloads/Embedded-Systems-Design-I/cpet561/lab4/lab4_src/lab4_software_src/nios_software_bsp/\libhal_bsp.a(alt_dev_llist_insert.o)
                              C:/Users/zdw7287/Downloads/Embedded-Systems-Design-I/cpet561/lab4/lab4_src/lab4_software_src/nios_software_bsp/\libhal_bsp.a(alt_sys_init.o) (alt_dev_llist_insert)
C:/Users/zdw7287/Downloads/Embedded-Systems-Design-I/cpet561/lab4/lab4_src/lab4_software_src/nios_software_bsp/\libhal_bsp.a(alt_do_ctors.o)
                              C:/Users/zdw7287/Downloads/Embedded-Systems-Design-I/cpet561/lab4/lab4_src/lab4_software_src/nios_software_bsp/\libhal_bsp.a(alt_main.o) (_do_ctors)
[...]
Memory Configuration

Name             Origin             Length             Attributes
reset            0x0000000000008000 0x0000000000000020
onchip_memory2_0 0x0000000000008020 0x0000000000007fe0
*default*        0x0000000000000000 0xffffffffffffffff

Linker script and memory map

LOAD C:/Users/zdw7287/Downloads/Embedded-Systems-Design-I/cpet561/lab4/lab4_src/lab4_software_src/nios_software_bsp//obj/HAL/src/crt0.o
LOAD c:/altera/15.1/nios2eds/bin/gnu/h-x86_64-mingw32/bin/../lib/gcc/nios2-elf/4.9.2/../../../../../H-x86_64-mingw32/nios2-elf/lib/mno-hw-mul\libstdc++.a
LOAD c:/altera/15.1/nios2eds/bin/gnu/h-x86_64-mingw32/bin/../lib/gcc/nios2-elf/4.9.2/../../../../../H-x86_64-mingw32/nios2-elf/lib/mno-hw-mul\libm.a
LOAD c:/altera/15.1/nios2eds/bin/gnu/h-x86_64-mingw32/bin/../lib/gcc/nios2-elf/4.9.2/mno-hw-mul\libgcc.a
START GROUP
LOAD c:/altera/15.1/nios2eds/bin/gnu/h-x86_64-mingw32/bin/../lib/gcc/nios2-elf/4.9.2/../../../../../H-x86_64-mingw32/nios2-elf/lib/mno-hw-mul\libc.a
LOAD c:/altera/15.1/nios2eds/bin/gnu/h-x86_64-mingw32/bin/../lib/gcc/nios2-elf/4.9.2/mno-hw-mul\libgcc.a
LOAD C:/Users/zdw7287/Downloads/Embedded-Systems-Design-I/cpet561/lab4/lab4_src/lab4_software_src/nios_software_bsp/\libhal_bsp.a
LOAD c:/altera/15.1/nios2eds/bin/gnu/h-x86_64-mingw32/bin/../lib/gcc/nios2-elf/4.9.2/../../../../../H-x86_64-mingw32/nios2-elf/lib/mno-hw-mul\libm.a
END GROUP
LOAD c:/altera/15.1/nios2eds/bin/gnu/h-x86_64-mingw32/bin/../lib/gcc/nios2-elf/4.9.2/mno-hw-mul\libgcc.a
                0x0000000000008000                __alt_mem_onchip_memory2_0 = 0x8000

.entry          0x0000000000008000       0x20
 *(.entry)
 .entry         0x0000000000008000       0x20 C:/Users/zdw7287/Downloads/Embedded-Systems-Design-I/cpet561/lab4/lab4_src/lab4_software_src/nios_software_bsp//obj/HAL/src/crt0.o
                0x0000000000008000                __reset

.exceptions     0x0000000000008020      0x20c
                0x0000000000008020                PROVIDE (__ram_exceptions_start, ABSOLUTE (.))
                0x0000000000008020                . = ALIGN (0x20)
 *(.irq)
 *(.exceptions.entry.label)
 .exceptions.entry.label
                0x0000000000008020        0x0 C:/Users/zdw7287/Downloads/Embedded-Systems-Design-I/cpet561/lab4/lab4_src/lab4_software_src/nios_software_bsp/\libhal_bsp.a(alt_irq_entry.o)
                0x0000000000008020                alt_irq_entry
 .exceptions.entry.label
                0x0000000000008020        0x0 C:/Users/zdw7287/Downloads/Embedded-Systems-Design-I/cpet561/lab4/lab4_src/lab4_software_src/nios_software_bsp/\libhal_bsp.a(alt_exception_entry.o)
                0x0000000000008020                alt_exception
 *(.exceptions.entry.user)
 *(.exceptions.entry.ecc_fatal)
 *(.exceptions.entry)
 .exceptions.entry
                0x0000000000008020       0x54 C:/Users/zdw7287/Downloads/Embedded-Systems-Design-I/cpet561/lab4/lab4_src/lab4_software_src/nios_software_bsp/\libhal_bsp.a(alt_exception_entry.o)
 *(.exceptions.irqtest.user)
 *(.exceptions.irqtest)
 .exceptions.irqtest
                0x0000000000008074       0x10 C:/Users/zdw7287/Downloads/Embedded-Systems-Design-I/cpet561/lab4/lab4_src/lab4_software_src/nios_software_bsp/\libhal_bsp.a(alt_irq_entry.o)
 *(.exceptions.irqhandler.user)
 *(.exceptions.irqhandler)
 .exceptions.irqhandler
                0x0000000000008084        0x4 C:/Users/zdw7287/Downloads/Embedded-Systems-Design-I/cpet561/lab4/lab4_src/lab4_software_src/nios_software_bsp/\libhal_bsp.a(alt_irq_entry.o)
 *(.exceptions.irqreturn.user)
 *(.exceptions.irqreturn)
 .exceptions.irqreturn
                0x0000000000008088        0x4 C:/Users/zdw7287/Downloads/Embedded-Systems-Design-I/cpet561/lab4/lab4_src/lab4_software_src/nios_software_bsp/\libhal_bsp.a(alt_irq_entry.o)
 *(.exceptions.notirq.label)
 .exceptions.notirq.label
                0x000000000000808c        0x0 C:/Users/zdw7287/Downloads/Embedded-Systems-Design-I/cpet561/lab4/lab4_src/lab4_software_src/nios_software_bsp/\libhal_bsp.a(alt_irq_entry.o)
 *(.exceptions.notirq.user)
 *(.exceptions.notirq)
 .exceptions.notirq
                0x000000000000808c        0x8 C:/Users/zdw7287/Downloads/Embedded-Systems-Design-I/cpet561/lab4/lab4_src/lab4_software_src/nios_software_bsp/\libhal_bsp.a(alt_exception_entry.o)
 *(.exceptions.soft.user)
 *(.exceptions.soft)
 *(.exceptions.unknown.user)
 *(.exceptions.unknown)
 .exceptions.unknown
                0x0000000000008094       0x14 C:/Users/zdw7287/Downloads/Embedded-Systems-Design-I/cpet561/lab4/lab4_src/lab4_software_src/nios_software_bsp/\libhal_bsp.a(alt_exception_entry.o)
 *(.exceptions.exit.label)
 .exceptions.exit.label
                0x00000000000080a8        0x0 C:/Users/zdw7287/Downloads/Embedded-Systems-Design-I/cpet561/lab4/lab4_src/lab4_software_src/nios_software_bsp/\libhal_bsp.a(alt_irq_entry.o)
 .exceptions.exit.label
                0x00000000000080a8        0x0 C:/Users/zdw7287/Downloads/Embedded-Systems-Design-I/cpet561/lab4/lab4_src/lab4_software_src/nios_software_bsp/\libhal_bsp.a(alt_exception_entry.o)
 *(.exceptions.exit.user)
 *(.exceptions.exit)
 .exceptions.exit
                0x00000000000080a8       0x54 C:/Users/zdw7287/Downloads/Embedded-Systems-Design-I/cpet561/lab4/lab4_src/lab4_software_src/nios_software_bsp/\libhal_bsp.a(alt_exception_entry.o)
 *(.exceptions)
 .exceptions    0x00000000000080fc       0xd0 C:/Users/zdw7287/Downloads/Embedded-Systems-Design-I/cpet561/lab4/lab4_src/lab4_software_src/nios_software_bsp/\libhal_bsp.a(alt_irq_handler.o)
                0x00000000000080fc                alt_irq_handler
 .exceptions    0x00000000000081cc       0x60 C:/Users/zdw7287/Downloads/Embedded-Systems-Design-I/cpet561/lab4/lab4_src/lab4_software_src/nios_software_bsp/\libhal_bsp.a(alt_instruction_exception_entry.o)
                0x00000000000081cc                alt_instruction_exception_entry
                0x000000000000822c                PROVIDE (__ram_exceptions_end, ABSOLUTE (.))
                0x0000000000008020                PROVIDE (__flash_exceptions_start, LOADADDR (.exceptions))

.text           0x000000000000822c     0x22c8
                0x000000000000822c                PROVIDE (stext, ABSOLUTE (.))
 *(.interp)
 *(.hash)
 *(.dynsym)
 *(.dynstr)
 *(.gnu.version)
 *(.gnu.version_d)
 *(.gnu.version_r)
 *(.rel.init)
 *(.rela.init)
 *(.rel.text .rel.text.* .rel.gnu.linkonce.t.*)
 *(.rela.text .rela.text.* .rela.gnu.linkonce.t.*)
 *(.rel.fini)
 *(.rela.fini)
 *(.rel.rodata .rel.rodata.* .rel.gnu.linkonce.r.*)
 *(.rela.rodata .rela.rodata.* .rela.gnu.linkonce.r.*)
 *(.rel.data .rel.data.* .rel.gnu.linkonce.d.*)
 *(.rela.data .rela.data.* .rela.gnu.linkonce.d.*)
 *(.rel.tdata .rel.tdata.* .rel.gnu.linkonce.td.*)
 *(.rela.tdata .rela.tdata.* .rela.gnu.linkonce.td.*)
 *(.rel.tbss .rel.tbss.* .rel.gnu.linkonce.tb.*)
 *(.rela.tbss .rela.tbss.* .rela.gnu.linkonce.tb.*)
 *(.rel.ctors)
 *(.rela.ctors)
 *(.rel.dtors)
 *(.rela.dtors)
 *(.rel.got)
 *(.rela.got)
 *(.rel.sdata .rel.sdata.* .rel.gnu.linkonce.s.*)
 *(.rela.sdata .rela.sdata.* .rela.gnu.linkonce.s.*)
 *(.rel.sbss .rel.sbss.* .rel.gnu.linkonce.sb.*)
 *(.rela.sbss .rela.sbss.* .rela.gnu.linkonce.sb.*)
 *(.rel.sdata2 .rel.sdata2.* .rel.gnu.linkonce.s2.*)
 *(.rela.sdata2 .rela.sdata2.* .rela.gnu.linkonce.s2.*)
 *(.rel.sbss2 .rel.sbss2.* .rel.gnu.linkonce.sb2.*)
 *(.rela.sbss2 .rela.sbss2.* .rela.gnu.linkonce.sb2.*)
 *(.rel.bss .rel.bss.* .rel.gnu.linkonce.b.*)
 *(.rela.bss .rela.bss.* .rela.gnu.linkonce.b.*)
 *(.rel.plt)
 *(.rela.plt)
 *(.rel.dyn)
 *(.init)
 *(.plt)
 *(.text .stub .text.* .gnu.linkonce.t.*)
 .text          0x000000000000822c       0x3c C:/Users/zdw7287/Downloads/Embedded-Systems-Design-I/cpet561/lab4/lab4_src/lab4_software_src/nios_software_bsp//obj/HAL/src/crt0.o
                0x000000000000822c                _start
 .text          0x0000000000008268       0xe4 C:/Users/zdw7287/Downloads/Embedded-Systems-Design-I/cpet561/lab4/lab4_src/lab4_software_src/nios_software_bsp/\libhal_bsp.a(alt_load.o)
                0x00000000000082cc                alt_load
 .text          0x000000000000834c       0x78 C:/Users/zdw7287/Downloads/Embedded-Systems-Design-I/cpet561/lab4/lab4_src/lab4_software_src/nios_software_bsp/\libhal_bsp.a(alt_main.o)
                0x000000000000834c                alt_main
 .text          0x00000000000083c4       0xb4 C:/Users/zdw7287/Downloads/Embedded-Systems-Design-I/cpet561/lab4/lab4_src/lab4_software_src/nios_software_bsp/\libhal_bsp.a(alt_sys_init.o)
                0x00000000000083fc                alt_irq_init
                0x0000000000008430                alt_sys_init
 .text          0x0000000000008478      0x164 C:/Users/zdw7287/Downloads/Embedded-Systems-Design-I/cpet561/lab4/lab4_src/lab4_software_src/nios_software_bsp/\libhal_bsp.a(altera_avalon_jtag_uart_fd.o)
                0x0000000000008478                altera_avalon_jtag_uart_read_fd
                0x00000000000084d8                altera_avalon_jtag_uart_write_fd
                0x0000000000008538                altera_avalon_jtag_uart_close_fd
                0x0000000000008588                altera_avalon_jtag_uart_ioctl_fd
 .text          0x00000000000085dc      0x3d8 C:/Users/zdw7287/Downloads/Embedded-Systems-Design-I/cpet561/lab4/lab4_src/lab4_software_src/nios_software_bsp/\libhal_bsp.a(altera_avalon_jtag_uart_init.o)
                0x00000000000085dc                altera_avalon_jtag_uart_init
                0x000000000000894c                altera_avalon_jtag_uart_close
 .text          0x00000000000089b4       0xec C:/Users/zdw7287/Downloads/Embedded-Systems-Design-I/cpet561/lab4/lab4_src/lab4_software_src/nios_software_bsp/\libhal_bsp.a(altera_avalon_jtag_uart_ioctl.o)
                0x00000000000089b4                altera_avalon_jtag_uart_ioctl
 .text          0x0000000000008aa0      0x20c C:/Users/zdw7287/Downloads/Embedded-Systems-Design-I/cpet561/lab4/lab4_src/lab4_software_src/nios_software_bsp/\libhal_bsp.a(altera_avalon_jtag_uart_read.o)
                0x0000000000008aa0                altera_avalon_jtag_uart_read
 .text          0x0000000000008cac      0x218 C:/Users/zdw7287/Downloads/Embedded-Systems-Design-I/cpet561/lab4/lab4_src/lab4_software_src/nios_software_bsp/\libhal_bsp.a(altera_avalon_jtag_uart_write.o)
                0x0000000000008cac                altera_avalon_jtag_uart_write
 .text          0x0000000000008ec4      0x140 C:/Users/zdw7287/Downloads/Embedded-Systems-Design-I/cpet561/lab4/lab4_src/lab4_software_src/nios_software_bsp/\libhal_bsp.a(alt_alarm_start.o)
                0x0000000000008ec4                alt_alarm_start
 .text          0x0000000000009004      0x128 C:/Users/zdw7287/Downloads/Embedded-Systems-Design-I/cpet561/lab4/lab4_src/lab4_software_src/nios_software_bsp/\libhal_bsp.a(alt_close.o)
                0x0000000000009054                close
 .text          0x000000000000912c       0x1c C:/Users/zdw7287/Downloads/Embedded-Systems-Design-I/cpet561/lab4/lab4_src/lab4_software_src/nios_software_bsp/\libhal_bsp.a(alt_dcache_flush_all.o)
                0x000000000000912c                alt_dcache_flush_all
 .text          0x0000000000009148       0x2c C:/Users/zdw7287/Downloads/Embedded-Systems-Design-I/cpet561/lab4/lab4_src/lab4_software_src/nios_software_bsp/\libhal_bsp.a(alt_dev.o)
 .text          0x0000000000009174       0xf4 C:/Users/zdw7287/Downloads/Embedded-Systems-Design-I/cpet561/lab4/lab4_src/lab4_software_src/nios_software_bsp/\libhal_bsp.a(alt_dev_llist_insert.o)
                0x00000000000091c4                alt_dev_llist_insert
 .text          0x0000000000009268       0x5c C:/Users/zdw7287/Downloads/Embedded-Systems-Design-I/cpet561/lab4/lab4_src/lab4_software_src/nios_software_bsp/\libhal_bsp.a(alt_do_ctors.o)
                0x0000000000009268                _do_ctors
 .text          0x00000000000092c4       0x5c C:/Users/zdw7287/Downloads/Embedded-Systems-Design-I/cpet561/lab4/lab4_src/lab4_software_src/nios_software_bsp/\libhal_bsp.a(alt_do_dtors.o)
                0x00000000000092c4                _do_dtors
 .text          0x0000000000009320        0x0 C:/Users/zdw7287/Downloads/Embedded-Systems-Design-I/cpet561/lab4/lab4_src/lab4_software_src/nios_software_bsp/\libhal_bsp.a(alt_errno.o)
 .text          0x0000000000009320       0x1c C:/Users/zdw7287/Downloads/Embedded-Systems-Design-I/cpet561/lab4/lab4_src/lab4_software_src/nios_software_bsp/\libhal_bsp.a(alt_icache_flush_all.o)
                0x0000000000009320                alt_icache_flush_all
 .text          0x000000000000933c      0x1e0 C:/Users/zdw7287/Downloads/Embedded-Systems-Design-I/cpet561/lab4/lab4_src/lab4_software_src/nios_software_bsp/\libhal_bsp.a(alt_iic.o)
                0x000000000000933c                alt_ic_isr_register
                0x000000000000938c                alt_ic_irq_enable
                0x000000000000942c                alt_ic_irq_disable
                0x00000000000094d0                alt_ic_irq_enabled
 .text          0x000000000000951c       0xf0 C:/Users/zdw7287/Downloads/Embedded-Systems-Design-I/cpet561/lab4/lab4_src/lab4_software_src/nios_software_bsp/\libhal_bsp.a(alt_iic_isr_register.o)
                0x000000000000951c                alt_iic_isr_register
 .text          0x000000000000960c      0x158 C:/Users/zdw7287/Downloads/Embedded-Systems-Design-I/cpet561/lab4/lab4_src/lab4_software_src/nios_software_bsp/\libhal_bsp.a(alt_io_redirect.o)
                0x00000000000096ec                alt_io_redirect
 .text          0x0000000000009764        0x0 C:/Users/zdw7287/Downloads/Embedded-Systems-Design-I/cpet561/lab4/lab4_src/lab4_software_src/nios_software_bsp/\libhal_bsp.a(alt_irq_entry.o)
 .text          0x0000000000009764        0x0 C:/Users/zdw7287/Downloads/Embedded-Systems-Design-I/cpet561/lab4/lab4_src/lab4_software_src/nios_software_bsp/\libhal_bsp.a(alt_irq_handler.o)
 .text          0x0000000000009764        0x0 C:/Users/zdw7287/Downloads/Embedded-Systems-Design-I/cpet561/lab4/lab4_src/lab4_software_src/nios_software_bsp/\libhal_bsp.a(alt_irq_vars.o)
 .text          0x0000000000009764      0x2a4 C:/Users/zdw7287/Downloads/Embedded-Systems-Design-I/cpet561/lab4/lab4_src/lab4_software_src/nios_software_bsp/\libhal_bsp.a(alt_open.o)
                0x00000000000098a8                open
 .text          0x0000000000009a08       0x80 C:/Users/zdw7287/Downloads/Embedded-Systems-Design-I/cpet561/lab4/lab4_src/lab4_software_src/nios_software_bsp/\libhal_bsp.a(alt_release_fd.o)
                0x0000000000009a08                alt_release_fd
 .text          0x0000000000009a88      0x19c C:/Users/zdw7287/Downloads/Embedded-Systems-Design-I/cpet561/lab4/lab4_src/lab4_software_src/nios_software_bsp/\libhal_bsp.a(alt_tick.o)
                0x0000000000009a88                alt_alarm_stop
                0x0000000000009b20                alt_tick
 .text          0x0000000000009c24       0x20 C:/Users/zdw7287/Downloads/Embedded-Systems-Design-I/cpet561/lab4/lab4_src/lab4_software_src/nios_software_bsp/\libhal_bsp.a(altera_nios2_gen2_irq.o)
                0x0000000000009c24                altera_nios2_gen2_irq_init
 .text          0x0000000000009c44        0x0 C:/Users/zdw7287/Downloads/Embedded-Systems-Design-I/cpet561/lab4/lab4_src/lab4_software_src/nios_software_bsp/\libhal_bsp.a(alt_exception_entry.o)
 .text          0x0000000000009c44       0x90 C:/Users/zdw7287/Downloads/Embedded-Systems-Design-I/cpet561/lab4/lab4_src/lab4_software_src/nios_software_bsp/\libhal_bsp.a(alt_find_dev.o)
                0x0000000000009c44                alt_find_dev
 .text          0x0000000000009cd4      0x114 C:/Users/zdw7287/Downloads/Embedded-Systems-Design-I/cpet561/lab4/lab4_src/lab4_software_src/nios_software_bsp/\libhal_bsp.a(alt_find_file.o)
                0x0000000000009cd4                alt_find_file
 .text          0x0000000000009de8       0xd4 C:/Users/zdw7287/Downloads/Embedded-Systems-Design-I/cpet561/lab4/lab4_src/lab4_software_src/nios_software_bsp/\libhal_bsp.a(alt_get_fd.o)
                0x0000000000009de8                alt_get_fd
 .text          0x0000000000009ebc       0x9c C:/Users/zdw7287/Downloads/Embedded-Systems-Design-I/cpet561/lab4/lab4_src/lab4_software_src/nios_software_bsp/\libhal_bsp.a(alt_instruction_exception_entry.o)
                0x0000000000009ebc                alt_exception_cause_generated_bad_addr
 .text          0x0000000000009f58        0x0 c:/altera/15.1/nios2eds/bin/gnu/h-x86_64-mingw32/bin/../lib/gcc/nios2-elf/4.9.2/../../../../../H-x86_64-mingw32/nios2-elf/lib/mno-hw-mul\libc.a(lib_a-atexit.o)
 .text.atexit   0x0000000000009f58       0x14 c:/altera/15.1/nios2eds/bin/gnu/h-x86_64-mingw32/bin/../lib/gcc/nios2-elf/4.9.2/../../../../../H-x86_64-mingw32/nios2-elf/lib/mno-hw-mul\libc.a(lib_a-atexit.o)
                0x0000000000009f58                atexit
 .text          0x0000000000009f6c        0x0 c:/altera/15.1/nios2eds/bin/gnu/h-x86_64-mingw32/bin/../lib/gcc/nios2-elf/4.9.2/../../../../../H-x86_64-mingw32/nios2-elf/lib/mno-hw-mul\libc.a(lib_a-exit.o)
 .text.exit     0x0000000000009f6c       0x38 c:/altera/15.1/nios2eds/bin/gnu/h-x86_64-mingw32/bin/../lib/gcc/nios2-elf/4.9.2/../../../../../H-x86_64-mingw32/nios2-elf/lib/mno-hw-mul\libc.a(lib_a-exit.o)
                0x0000000000009f6c                exit
 .text          0x0000000000009fa4        0x0 c:/altera/15.1/nios2eds/bin/gnu/h-x86_64-mingw32/bin/../lib/gcc/nios2-elf/4.9.2/../../../../../H-x86_64-mingw32/nios2-elf/lib/mno-hw-mul\libc.a(lib_a-impure.o)
 .text          0x0000000000009fa4        0x0 c:/altera/15.1/nios2eds/bin/gnu/h-x86_64-mingw32/bin/../lib/gcc/nios2-elf/4.9.2/../../../../../H-x86_64-mingw32/nios2-elf/lib/mno-hw-mul\libc.a(lib_a-int_errno.o)
 .text          0x0000000000009fa4        0x0 c:/altera/15.1/nios2eds/bin/gnu/h-x86_64-mingw32/bin/../lib/gcc/nios2-elf/4.9.2/../../../../../H-x86_64-mingw32/nios2-elf/lib/mno-hw-mul\libc.a(lib_a-memcmp.o)
 .text.memcmp   0x0000000000009fa4       0x7c c:/altera/15.1/nios2eds/bin/gnu/h-x86_64-mingw32/bin/../lib/gcc/nios2-elf/4.9.2/../../../../../H-x86_64-mingw32/nios2-elf/lib/mno-hw-mul\libc.a(lib_a-memcmp.o)
                0x0000000000009fa4                memcmp
 .text          0x000000000000a020        0x0 c:/altera/15.1/nios2eds/bin/gnu/h-x86_64-mingw32/bin/../lib/gcc/nios2-elf/4.9.2/../../../../../H-x86_64-mingw32/nios2-elf/lib/mno-hw-mul\libc.a(lib_a-memcpy.o)
 .text.memcpy   0x000000000000a020      0x138 c:/altera/15.1/nios2eds/bin/gnu/h-x86_64-mingw32/bin/../lib/gcc/nios2-elf/4.9.2/../../../../../H-x86_64-mingw32/nios2-elf/lib/mno-hw-mul\libc.a(lib_a-memcpy.o)
                0x000000000000a020                memcpy
 .text          0x000000000000a158        0x0 c:/altera/15.1/nios2eds/bin/gnu/h-x86_64-mingw32/bin/../lib/gcc/nios2-elf/4.9.2/../../../../../H-x86_64-mingw32/nios2-elf/lib/mno-hw-mul\libc.a(lib_a-strlen.o)
 .text.strlen   0x000000000000a158       0x98 c:/altera/15.1/nios2eds/bin/gnu/h-x86_64-mingw32/bin/../lib/gcc/nios2-elf/4.9.2/../../../../../H-x86_64-mingw32/nios2-elf/lib/mno-hw-mul\libc.a(lib_a-strlen.o)
                0x000000000000a158                strlen
 .text          0x000000000000a1f0        0x0 c:/altera/15.1/nios2eds/bin/gnu/h-x86_64-mingw32/bin/../lib/gcc/nios2-elf/4.9.2/../../../../../H-x86_64-mingw32/nios2-elf/lib/mno-hw-mul\libc.a(lib_a-__atexit.o)
 .text.__register_exitproc
                0x000000000000a1f0      0x114 c:/altera/15.1/nios2eds/bin/gnu/h-x86_64-mingw32/bin/../lib/gcc/nios2-elf/4.9.2/../../../../../H-x86_64-mingw32/nios2-elf/lib/mno-hw-mul\libc.a(lib_a-__atexit.o)
                0x000000000000a1f0                __register_exitproc
 .text          0x000000000000a304        0x0 c:/altera/15.1/nios2eds/bin/gnu/h-x86_64-mingw32/bin/../lib/gcc/nios2-elf/4.9.2/../../../../../H-x86_64-mingw32/nios2-elf/lib/mno-hw-mul\libc.a(lib_a-__call_atexit.o)
 .text.__call_exitprocs
                0x000000000000a304      0x194 c:/altera/15.1/nios2eds/bin/gnu/h-x86_64-mingw32/bin/../lib/gcc/nios2-elf/4.9.2/../../../../../H-x86_64-mingw32/nios2-elf/lib/mno-hw-mul\libc.a(lib_a-__call_atexit.o)
                0x000000000000a304                __call_exitprocs
 .text          0x000000000000a498       0x28 c:/altera/15.1/nios2eds/bin/gnu/h-x86_64-mingw32/bin/../lib/gcc/nios2-elf/4.9.2/mno-hw-mul\libgcc.a(lib2-mul.o)
                0x000000000000a498                __mulsi3
 .text          0x000000000000a4c0       0x34 C:/Users/zdw7287/Downloads/Embedded-Systems-Design-I/cpet561/lab4/lab4_src/lab4_software_src/nios_software_bsp/\libhal_bsp.a(alt_exit.o)
                0x000000000000a4c0                _exit
 *(.gnu.warning.*)
 *(.fini)
                0x000000000000a4f4                PROVIDE (__etext, ABSOLUTE (.))
                0x000000000000a4f4                PROVIDE (_etext, ABSOLUTE (.))
                0x000000000000a4f4                PROVIDE (etext, ABSOLUTE (.))
 *(.eh_frame_hdr)
                0x000000000000a4f4                . = ALIGN (0x4)
                0x000000000000a4f4                PROVIDE (__preinit_array_start, ABSOLUTE (.))
 *(.preinit_array)
                0x000000000000a4f4                PROVIDE (__preinit_array_end, ABSOLUTE (.))
                0x000000000000a4f4                PROVIDE (__init_array_start, ABSOLUTE (.))
 *(.init_array)
                0x000000000000a4f4                PROVIDE (__init_array_end, ABSOLUTE (.))
                0x000000000000a4f4                PROVIDE (__fini_array_start, ABSOLUTE (.))
 *(.fini_array)
                0x000000000000a4f4                PROVIDE (__fini_array_end, ABSOLUTE (.))
 *(.eh_frame)
 *(.gcc_except_table .gcc_except_table.*)
 *(.dynamic)
                0x000000000000a4f4                PROVIDE (__CTOR_LIST__, ABSOLUTE (.))
 *(.ctors)
 *(SORT(.ctors.*))
                0x000000000000a4f4                PROVIDE (__CTOR_END__, ABSOLUTE (.))
                0x000000000000a4f4                PROVIDE (__DTOR_LIST__, ABSOLUTE (.))
 *(.dtors)
 *(SORT(.dtors.*))
                0x000000000000a4f4                PROVIDE (__DTOR_END__, ABSOLUTE (.))
 *(.jcr)
                0x000000000000a4f4                . = ALIGN (0x4)

.rodata         0x000000000000a4f4       0x38
                0x000000000000a4f4                PROVIDE (__ram_rodata_start, ABSOLUTE (.))
                0x000000000000a4f4                . = ALIGN (0x4)
 *(.rodata .rodata.* .gnu.linkonce.r.*)
 .rodata        0x000000000000a4f4       0x14 C:/Users/zdw7287/Downloads/Embedded-Systems-Design-I/cpet561/lab4/lab4_src/lab4_software_src/nios_software_bsp/\libhal_bsp.a(alt_main.o)
 .rodata        0x000000000000a508       0x14 C:/Users/zdw7287/Downloads/Embedded-Systems-Design-I/cpet561/lab4/lab4_src/lab4_software_src/nios_software_bsp/\libhal_bsp.a(alt_sys_init.o)
 .rodata        0x000000000000a51c        0xc C:/Users/zdw7287/Downloads/Embedded-Systems-Design-I/cpet561/lab4/lab4_src/lab4_software_src/nios_software_bsp/\libhal_bsp.a(alt_dev.o)
 .rodata.str1.4
                0x000000000000a528        0x4 c:/altera/15.1/nios2eds/bin/gnu/h-x86_64-mingw32/bin/../lib/gcc/nios2-elf/4.9.2/../../../../../H-x86_64-mingw32/nios2-elf/lib/mno-hw-mul\libc.a(lib_a-impure.o)
 *(.rodata1)
                0x000000000000a52c                . = ALIGN (0x4)
                0x000000000000a52c                PROVIDE (__ram_rodata_end, ABSOLUTE (.))
                0x000000000000a4f4                PROVIDE (__flash_rodata_start, LOADADDR (.rodata))

.rwdata         0x000000000000a52c     0x1658 load address 0x000000000000bb84
                0x000000000000a52c                PROVIDE (__ram_rwdata_start, ABSOLUTE (.))
                0x000000000000a52c                . = ALIGN (0x4)
 *(.got.plt)
 *(.got)
 *(.data1)
 *(.data .data.* .gnu.linkonce.d.*)
 .data          0x000000000000a52c        0x0 C:/Users/zdw7287/Downloads/Embedded-Systems-Design-I/cpet561/lab4/lab4_src/lab4_software_src/nios_software_bsp//obj/HAL/src/crt0.o
 .data          0x000000000000a52c        0x0 C:/Users/zdw7287/Downloads/Embedded-Systems-Design-I/cpet561/lab4/lab4_src/lab4_software_src/nios_software_bsp/\libhal_bsp.a(alt_load.o)
 .data          0x000000000000a52c        0x0 C:/Users/zdw7287/Downloads/Embedded-Systems-Design-I/cpet561/lab4/lab4_src/lab4_software_src/nios_software_bsp/\libhal_bsp.a(alt_main.o)
 .data          0x000000000000a52c     0x1060 C:/Users/zdw7287/Downloads/Embedded-Systems-Design-I/cpet561/lab4/lab4_src/lab4_software_src/nios_software_bsp/\libhal_bsp.a(alt_sys_init.o)
 .data          0x000000000000b58c        0x0 C:/Users/zdw7287/Downloads/Embedded-Systems-Design-I/cpet561/lab4/lab4_src/lab4_software_src/nios_software_bsp/\libhal_bsp.a(altera_avalon_jtag_uart_fd.o)
 .data          0x000000000000b58c        0x0 C:/Users/zdw7287/Downloads/Embedded-Systems-Design-I/cpet561/lab4/lab4_src/lab4_software_src/nios_software_bsp/\libhal_bsp.a(altera_avalon_jtag_uart_init.o)
 .data          0x000000000000b58c        0x0 C:/Users/zdw7287/Downloads/Embedded-Systems-Design-I/cpet561/lab4/lab4_src/lab4_software_src/nios_software_bsp/\libhal_bsp.a(altera_avalon_jtag_uart_ioctl.o)
 .data          0x000000000000b58c        0x0 C:/Users/zdw7287/Downloads/Embedded-Systems-Design-I/cpet561/lab4/lab4_src/lab4_software_src/nios_software_bsp/\libhal_bsp.a(altera_avalon_jtag_uart_read.o)
 .data          0x000000000000b58c        0x0 C:/Users/zdw7287/Downloads/Embedded-Systems-Design-I/cpet561/lab4/lab4_src/lab4_software_src/nios_software_bsp/\libhal_bsp.a(altera_avalon_jtag_uart_write.o)
 .data          0x000000000000b58c        0x0 C:/Users/zdw7287/Downloads/Embedded-Systems-Design-I/cpet561/lab4/lab4_src/lab4_software_src/nios_software_bsp/\libhal_bsp.a(alt_alarm_start.o)
 .data          0x000000000000b58c        0x0 C:/Users/zdw7287/Downloads/Embedded-Systems-Design-I/cpet561/lab4/lab4_src/lab4_software_src/nios_software_bsp/\libhal_bsp.a(alt_close.o)
 .data          0x000000000000b58c        0x0 C:/Users/zdw7287/Downloads/Embedded-Systems-Design-I/cpet561/lab4/lab4_src/lab4_software_src/nios_software_bsp/\libhal_bsp.a(alt_dcache_flush_all.o)
 .data          0x000000000000b58c      0x1a8 C:/Users/zdw7287/Downloads/Embedded-Systems-Design-I/cpet561/lab4/lab4_src/lab4_software_src/nios_software_bsp/\libhal_bsp.a(alt_dev.o)
                0x000000000000b58c                alt_dev_null
                0x000000000000b5b4                alt_fd_list
 .data          0x000000000000b734        0x0 C:/Users/zdw7287/Downloads/Embedded-Systems-Design-I/cpet561/lab4/lab4_src/lab4_software_src/nios_software_bsp/\libhal_bsp.a(alt_dev_llist_insert.o)
 .data          0x000000000000b734        0x0 C:/Users/zdw7287/Downloads/Embedded-Systems-Design-I/cpet561/lab4/lab4_src/lab4_software_src/nios_software_bsp/\libhal_bsp.a(alt_do_ctors.o)
 .data          0x000000000000b734        0x0 C:/Users/zdw7287/Downloads/Embedded-Systems-Design-I/cpet561/lab4/lab4_src/lab4_software_src/nios_software_bsp/\libhal_bsp.a(alt_do_dtors.o)
 .data          0x000000000000b734        0x0 C:/Users/zdw7287/Downloads/Embedded-Systems-Design-I/cpet561/lab4/lab4_src/lab4_software_src/nios_software_bsp/\libhal_bsp.a(alt_errno.o)
 .data          0x000000000000b734        0x0 C:/Users/zdw7287/Downloads/Embedded-Systems-Design-I/cpet561/lab4/lab4_src/lab4_software_src/nios_software_bsp/\libhal_bsp.a(alt_icache_flush_all.o)
 .data          0x000000000000b734        0x0 C:/Users/zdw7287/Downloads/Embedded-Systems-Design-I/cpet561/lab4/lab4_src/lab4_software_src/nios_software_bsp/\libhal_bsp.a(alt_iic.o)
 .data          0x000000000000b734        0x0 C:/Users/zdw7287/Downloads/Embedded-Systems-Design-I/cpet561/lab4/lab4_src/lab4_software_src/nios_software_bsp/\libhal_bsp.a(alt_iic_isr_register.o)
 .data          0x000000000000b734        0x0 C:/Users/zdw7287/Downloads/Embedded-Systems-Design-I/cpet561/lab4/lab4_src/lab4_software_src/nios_software_bsp/\libhal_bsp.a(alt_io_redirect.o)
 .data          0x000000000000b734        0x0 C:/Users/zdw7287/Downloads/Embedded-Systems-Design-I/cpet561/lab4/lab4_src/lab4_software_src/nios_software_bsp/\libhal_bsp.a(alt_irq_entry.o)
 .data          0x000000000000b734        0x0 C:/Users/zdw7287/Downloads/Embedded-Systems-Design-I/cpet561/lab4/lab4_src/lab4_software_src/nios_software_bsp/\libhal_bsp.a(alt_irq_handler.o)
 .data          0x000000000000b734        0x0 C:/Users/zdw7287/Downloads/Embedded-Systems-Design-I/cpet561/lab4/lab4_src/lab4_software_src/nios_software_bsp/\libhal_bsp.a(alt_irq_vars.o)
 .data          0x000000000000b734        0x0 C:/Users/zdw7287/Downloads/Embedded-Systems-Design-I/cpet561/lab4/lab4_src/lab4_software_src/nios_software_bsp/\libhal_bsp.a(alt_open.o)
 .data          0x000000000000b734        0x0 C:/Users/zdw7287/Downloads/Embedded-Systems-Design-I/cpet561/lab4/lab4_src/lab4_software_src/nios_software_bsp/\libhal_bsp.a(alt_release_fd.o)
 .data          0x000000000000b734        0x0 C:/Users/zdw7287/Downloads/Embedded-Systems-Design-I/cpet561/lab4/lab4_src/lab4_software_src/nios_software_bsp/\libhal_bsp.a(alt_tick.o)
 .data          0x000000000000b734        0x0 C:/Users/zdw7287/Downloads/Embedded-Systems-Design-I/cpet561/lab4/lab4_src/lab4_software_src/nios_software_bsp/\libhal_bsp.a(altera_nios2_gen2_irq.o)
 .data          0x000000000000b734        0x0 C:/Users/zdw7287/Downloads/Embedded-Systems-Design-I/cpet561/lab4/lab4_src/lab4_software_src/nios_software_bsp/\libhal_bsp.a(alt_exception_entry.o)
 .data          0x000000000000b734        0x0 C:/Users/zdw7287/Downloads/Embedded-Systems-Design-I/cpet561/lab4/lab4_src/lab4_software_src/nios_software_bsp/\libhal_bsp.a(alt_find_dev.o)
 .data          0x000000000000b734        0x0 C:/Users/zdw7287/Downloads/Embedded-Systems-Design-I/cpet561/lab4/lab4_src/lab4_software_src/nios_software_bsp/\libhal_bsp.a(alt_find_file.o)
 .data          0x000000000000b734        0x0 C:/Users/zdw7287/Downloads/Embedded-Systems-Design-I/cpet561/lab4/lab4_src/lab4_software_src/nios_software_bsp/\libhal_bsp.a(alt_get_fd.o)
 .data          0x000000000000b734        0x0 C:/Users/zdw7287/Downloads/Embedded-Systems-Design-I/cpet561/lab4/lab4_src/lab4_software_src/nios_software_bsp/\libhal_bsp.a(alt_instruction_exception_entry.o)
 .data          0x000000000000b734        0x0 c:/altera/15.1/nios2eds/bin/gnu/h-x86_64-mingw32/bin/../lib/gcc/nios2-elf/4.9.2/../../../../../H-x86_64-mingw32/nios2-elf/lib/mno-hw-mul\libc.a(lib_a-atexit.o)
 .data          0x000000000000b734        0x0 c:/altera/15.1/nios2eds/bin/gnu/h-x86_64-mingw32/bin/../lib/gcc/nios2-elf/4.9.2/../../../../../H-x86_64-mingw32/nios2-elf/lib/mno-hw-mul\libc.a(lib_a-exit.o)
 .data          0x000000000000b734        0x0 c:/altera/15.1/nios2eds/bin/gnu/h-x86_64-mingw32/bin/../lib/gcc/nios2-elf/4.9.2/../../../../../H-x86_64-mingw32/nios2-elf/lib/mno-hw-mul\libc.a(lib_a-impure.o)
 .data.impure_data
                0x000000000000b734      0x424 c:/altera/15.1/nios2eds/bin/gnu/h-x86_64-mingw32/bin/../lib/gcc/nios2-elf/4.9.2/../../../../../H-x86_64-mingw32/nios2-elf/lib/mno-hw-mul\libc.a(lib_a-impure.o)
 .data          0x000000000000bb58        0x0 c:/altera/15.1/nios2eds/bin/gnu/h-x86_64-mingw32/bin/../lib/gcc/nios2-elf/4.9.2/../../../../../H-x86_64-mingw32/nios2-elf/lib/mno-hw-mul\libc.a(lib_a-int_errno.o)
 .data          0x000000000000bb58        0x0 c:/altera/15.1/nios2eds/bin/gnu/h-x86_64-mingw32/bin/../lib/gcc/nios2-elf/4.9.2/../../../../../H-x86_64-mingw32/nios2-elf/lib/mno-hw-mul\libc.a(lib_a-memcmp.o)
 .data          0x000000000000bb58        0x0 c:/altera/15.1/nios2eds/bin/gnu/h-x86_64-mingw32/bin/../lib/gcc/nios2-elf/4.9.2/../../../../../H-x86_64-mingw32/nios2-elf/lib/mno-hw-mul\libc.a(lib_a-memcpy.o)
 .data          0x000000000000bb58        0x0 c:/altera/15.1/nios2eds/bin/gnu/h-x86_64-mingw32/bin/../lib/gcc/nios2-elf/4.9.2/../../../../../H-x86_64-mingw32/nios2-elf/lib/mno-hw-mul\libc.a(lib_a-strlen.o)
 .data          0x000000000000bb58        0x0 c:/altera/15.1/nios2eds/bin/gnu/h-x86_64-mingw32/bin/../lib/gcc/nios2-elf/4.9.2/../../../../../H-x86_64-mingw32/nios2-elf/lib/mno-hw-mul\libc.a(lib_a-__atexit.o)
 .data          0x000000000000bb58        0x0 c:/altera/15.1/nios2eds/bin/gnu/h-x86_64-mingw32/bin/../lib/gcc/nios2-elf/4.9.2/../../../../../H-x86_64-mingw32/nios2-elf/lib/mno-hw-mul\libc.a(lib_a-__call_atexit.o)
 .data          0x000000000000bb58        0x0 c:/altera/15.1/nios2eds/bin/gnu/h-x86_64-mingw32/bin/../lib/gcc/nios2-elf/4.9.2/mno-hw-mul\libgcc.a(lib2-mul.o)
 .data          0x000000000000bb58        0x0 C:/Users/zdw7287/Downloads/Embedded-Systems-Design-I/cpet561/lab4/lab4_src/lab4_software_src/nios_software_bsp/\libhal_bsp.a(alt_exit.o)
                0x0000000000013b58                _gp = ABSOLUTE ((. + 0x8000))
                0x0000000000013b58                PROVIDE (gp, _gp)
 *(.rwdata .rwdata.*)
 *(.sdata .sdata.* .gnu.linkonce.s.*)
 .sdata         0x000000000000bb58       0x14 C:/Users/zdw7287/Downloads/Embedded-Systems-Design-I/cpet561/lab4/lab4_src/lab4_software_src/nios_software_bsp/\libhal_bsp.a(alt_dev.o)
                0x000000000000bb58                alt_fs_list
                0x000000000000bb60                alt_dev_list
                0x000000000000bb68                alt_max_fd
 .sdata         0x000000000000bb6c        0x4 C:/Users/zdw7287/Downloads/Embedded-Systems-Design-I/cpet561/lab4/lab4_src/lab4_software_src/nios_software_bsp/\libhal_bsp.a(alt_errno.o)
                0x000000000000bb6c                alt_errno
 .sdata         0x000000000000bb70        0x4 C:/Users/zdw7287/Downloads/Embedded-Systems-Design-I/cpet561/lab4/lab4_src/lab4_software_src/nios_software_bsp/\libhal_bsp.a(alt_irq_vars.o)
                0x000000000000bb70                alt_priority_mask
 .sdata         0x000000000000bb74        0x8 C:/Users/zdw7287/Downloads/Embedded-Systems-Design-I/cpet561/lab4/lab4_src/lab4_software_src/nios_software_bsp/\libhal_bsp.a(alt_tick.o)
                0x000000000000bb74                alt_alarm_list
 .sdata._global_impure_ptr
                0x000000000000bb7c        0x4 c:/altera/15.1/nios2eds/bin/gnu/h-x86_64-mingw32/bin/../lib/gcc/nios2-elf/4.9.2/../../../../../H-x86_64-mingw32/nios2-elf/lib/mno-hw-mul\libc.a(lib_a-impure.o)
                0x000000000000bb7c                _global_impure_ptr
 .sdata._impure_ptr
                0x000000000000bb80        0x4 c:/altera/15.1/nios2eds/bin/gnu/h-x86_64-mingw32/bin/../lib/gcc/nios2-elf/4.9.2/../../../../../H-x86_64-mingw32/nios2-elf/lib/mno-hw-mul\libc.a(lib_a-impure.o)
                0x000000000000bb80                _impure_ptr
 *(.sdata2 .sdata2.* .gnu.linkonce.s2.*)
                0x000000000000bb84                . = ALIGN (0x4)
                0x000000000000bb84                _edata = ABSOLUTE (.)
                0x000000000000bb84                PROVIDE (edata, ABSOLUTE (.))
                0x000000000000bb84                PROVIDE (__ram_rwdata_end, ABSOLUTE (.))
                0x000000000000bb84                PROVIDE (__flash_rwdata_start, LOADADDR (.rwdata))

.bss            0x000000000000d1dc      0x120
                0x000000000000d1dc                __bss_start = ABSOLUTE (.)
                0x000000000000d1dc                PROVIDE (__sbss_start, ABSOLUTE (.))
                0x000000000000d1dc                PROVIDE (___sbss_start, ABSOLUTE (.))
 *(.dynsbss)
 *(.sbss .sbss.* .gnu.linkonce.sb.*)
 .sbss          0x000000000000d1dc        0xc C:/Users/zdw7287/Downloads/Embedded-Systems-Design-I/cpet561/lab4/lab4_src/lab4_software_src/nios_software_bsp/\libhal_bsp.a(alt_main.o)
                0x000000000000d1dc                alt_argc
                0x000000000000d1e0                alt_argv
                0x000000000000d1e4                alt_envp
 .sbss          0x000000000000d1e8        0x4 C:/Users/zdw7287/Downloads/Embedded-Systems-Design-I/cpet561/lab4/lab4_src/lab4_software_src/nios_software_bsp/\libhal_bsp.a(alt_irq_vars.o)
                0x000000000000d1e8                alt_irq_active
 .sbss          0x000000000000d1ec        0x8 C:/Users/zdw7287/Downloads/Embedded-Systems-Design-I/cpet561/lab4/lab4_src/lab4_software_src/nios_software_bsp/\libhal_bsp.a(alt_tick.o)
                0x000000000000d1ec                _alt_tick_rate
                0x000000000000d1f0                _alt_nticks
 .sbss          0x000000000000d1f4        0x4 C:/Users/zdw7287/Downloads/Embedded-Systems-Design-I/cpet561/lab4/lab4_src/lab4_software_src/nios_software_bsp/\libhal_bsp.a(alt_instruction_exception_entry.o)
                0x000000000000d1f4                alt_instruction_exception_handler
 .sbss          0x000000000000d1f8        0x4 c:/altera/15.1/nios2eds/bin/gnu/h-x86_64-mingw32/bin/../lib/gcc/nios2-elf/4.9.2/../../../../../H-x86_64-mingw32/nios2-elf/lib/mno-hw-mul\libc.a(lib_a-int_errno.o)
                0x000000000000d1f8                errno
 *(.sbss2 .sbss2.* .gnu.linkonce.sb2.*)
 *(.scommon)
                0x000000000000d1fc                PROVIDE (__sbss_end, ABSOLUTE (.))
                0x000000000000d1fc                PROVIDE (___sbss_end, ABSOLUTE (.))
 *(.dynbss)
 *(.bss .bss.* .gnu.linkonce.b.*)
 .bss           0x000000000000d1fc        0x0 C:/Users/zdw7287/Downloads/Embedded-Systems-Design-I/cpet561/lab4/lab4_src/lab4_software_src/nios_software_bsp//obj/HAL/src/crt0.o
 .bss           0x000000000000d1fc        0x0 C:/Users/zdw7287/Downloads/Embedded-Systems-Design-I/cpet561/lab4/lab4_src/lab4_software_src/nios_software_bsp/\libhal_bsp.a(alt_load.o)
 .bss           0x000000000000d1fc        0x0 C:/Users/zdw7287/Downloads/Embedded-Systems-Design-I/cpet561/lab4/lab4_src/lab4_software_src/nios_software_bsp/\libhal_bsp.a(alt_main.o)
 .bss           0x000000000000d1fc        0x0 C:/Users/zdw7287/Downloads/Embedded-Systems-Design-I/cpet561/lab4/lab4_src/lab4_software_src/nios_software_bsp/\libhal_bsp.a(alt_sys_init.o)
 .bss           0x000000000000d1fc        0x0 C:/Users/zdw7287/Downloads/Embedded-Systems-Design-I/cpet561/lab4/lab4_src/lab4_software_src/nios_software_bsp/\libhal_bsp.a(altera_avalon_jtag_uart_fd.o)
 .bss           0x000000000000d1fc        0x0 C:/Users/zdw7287/Downloads/Embedded-Systems-Design-I/cpet561/lab4/lab4_src/lab4_software_src/nios_software_bsp/\libhal_bsp.a(altera_avalon_jtag_uart_init.o)
 .bss           0x000000000000d1fc        0x0 C:/Users/zdw7287/Downloads/Embedded-Systems-Design-I/cpet561/lab4/lab4_src/lab4_software_src/nios_software_bsp/\libhal_bsp.a(altera_avalon_jtag_uart_ioctl.o)
 .bss           0x000000000000d1fc        0x0 C:/Users/zdw7287/Downloads/Embedded-Systems-Design-I/cpet561/lab4/lab4_src/lab4_software_src/nios_software_bsp/\libhal_bsp.a(altera_avalon_jtag_uart_read.o)
 .bss           0x000000000000d1fc        0x0 C:/Users/zdw7287/Downloads/Embedded-Systems-Design-I/cpet561/lab4/lab4_src/lab4_software_src/nios_software_bsp/\libhal_bsp.a(altera_avalon_jtag_uart_write.o)
 .bss           0x000000000000d1fc        0x0 C:/Users/zdw7287/Downloads/Embedded-Systems-Design-I/cpet561/lab4/lab4_src/lab4_software_src/nios_software_bsp/\libhal_bsp.a(alt_alarm_start.o)
 .bss           0x000000000000d1fc        0x0 C:/Users/zdw7287/Downloads/Embedded-Systems-Design-I/cpet561/lab4/lab4_src/lab4_software_src/nios_software_bsp/\libhal_bsp.a(alt_close.o)
 .bss           0x000000000000d1fc        0x0 C:/Users/zdw7287/Downloads/Embedded-Systems-Design-I/cpet561/lab4/lab4_src/lab4_software_src/nios_software_bsp/\libhal_bsp.a(alt_dcache_flush_all.o)
 .bss           0x000000000000d1fc        0x0 C:/Users/zdw7287/Downloads/Embedded-Systems-Design-I/cpet561/lab4/lab4_src/lab4_software_src/nios_software_bsp/\libhal_bsp.a(alt_dev.o)
 .bss           0x000000000000d1fc        0x0 C:/Users/zdw7287/Downloads/Embedded-Systems-Design-I/cpet561/lab4/lab4_src/lab4_software_src/nios_software_bsp/\libhal_bsp.a(alt_dev_llist_insert.o)
 .bss           0x000000000000d1fc        0x0 C:/Users/zdw7287/Downloads/Embedded-Systems-Design-I/cpet561/lab4/lab4_src/lab4_software_src/nios_software_bsp/\libhal_bsp.a(alt_do_ctors.o)
 .bss           0x000000000000d1fc        0x0 C:/Users/zdw7287/Downloads/Embedded-Systems-Design-I/cpet561/lab4/lab4_src/lab4_software_src/nios_software_bsp/\libhal_bsp.a(alt_do_dtors.o)
 .bss           0x000000000000d1fc        0x0 C:/Users/zdw7287/Downloads/Embedded-Systems-Design-I/cpet561/lab4/lab4_src/lab4_software_src/nios_software_bsp/\libhal_bsp.a(alt_errno.o)
 .bss           0x000000000000d1fc        0x0 C:/Users/zdw7287/Downloads/Embedded-Systems-Design-I/cpet561/lab4/lab4_src/lab4_software_src/nios_software_bsp/\libhal_bsp.a(alt_icache_flush_all.o)
 .bss           0x000000000000d1fc        0x0 C:/Users/zdw7287/Downloads/Embedded-Systems-Design-I/cpet561/lab4/lab4_src/lab4_software_src/nios_software_bsp/\libhal_bsp.a(alt_iic.o)
 .bss           0x000000000000d1fc        0x0 C:/Users/zdw7287/Downloads/Embedded-Systems-Design-I/cpet561/lab4/lab4_src/lab4_software_src/nios_software_bsp/\libhal_bsp.a(alt_iic_isr_register.o)
 .bss           0x000000000000d1fc        0x0 C:/Users/zdw7287/Downloads/Embedded-Systems-Design-I/cpet561/lab4/lab4_src/lab4_software_src/nios_software_bsp/\libhal_bsp.a(alt_io_redirect.o)
 .bss           0x000000000000d1fc        0x0 C:/Users/zdw7287/Downloads/Embedded-Systems-Design-I/cpet561/lab4/lab4_src/lab4_software_src/nios_software_bsp/\libhal_bsp.a(alt_irq_entry.o)
 .bss           0x000000000000d1fc        0x0 C:/Users/zdw7287/Downloads/Embedded-Systems-Design-I/cpet561/lab4/lab4_src/lab4_software_src/nios_software_bsp/\libhal_bsp.a(alt_irq_handler.o)
 .bss           0x000000000000d1fc        0x0 C:/Users/zdw7287/Downloads/Embedded-Systems-Design-I/cpet561/lab4/lab4_src/lab4_software_src/nios_software_bsp/\libhal_bsp.a(alt_irq_vars.o)
 .bss           0x000000000000d1fc        0x0 C:/Users/zdw7287/Downloads/Embedded-Systems-Design-I/cpet561/lab4/lab4_src/lab4_software_src/nios_software_bsp/\libhal_bsp.a(alt_open.o)
 .bss           0x000000000000d1fc        0x0 C:/Users/zdw7287/Downloads/Embedded-Systems-Design-I/cpet561/lab4/lab4_src/lab4_software_src/nios_software_bsp/\libhal_bsp.a(alt_release_fd.o)
 .bss           0x000000000000d1fc        0x0 C:/Users/zdw7287/Downloads/Embedded-Systems-Design-I/cpet561/lab4/lab4_src/lab4_software_src/nios_software_bsp/\libhal_bsp.a(alt_tick.o)
 .bss           0x000000000000d1fc        0x0 C:/Users/zdw7287/Downloads/Embedded-Systems-Design-I/cpet561/lab4/lab4_src/lab4_software_src/nios_software_bsp/\libhal_bsp.a(altera_nios2_gen2_irq.o)
 .bss           0x000000000000d1fc        0x0 C:/Users/zdw7287/Downloads/Embedded-Systems-Design-I/cpet561/lab4/lab4_src/lab4_software_src/nios_software_bsp/\libhal_bsp.a(alt_exception_entry.o)
 .bss           0x000000000000d1fc        0x0 C:/Users/zdw7287/Downloads/Embedded-Systems-Design-I/cpet561/lab4/lab4_src/lab4_software_src/nios_software_bsp/\libhal_bsp.a(alt_find_dev.o)
 .bss           0x000000000000d1fc        0x0 C:/Users/zdw7287/Downloads/Embedded-Systems-Design-I/cpet561/lab4/lab4_src/lab4_software_src/nios_software_bsp/\libhal_bsp.a(alt_find_file.o)
 .bss           0x000000000000d1fc        0x0 C:/Users/zdw7287/Downloads/Embedded-Systems-Design-I/cpet561/lab4/lab4_src/lab4_software_src/nios_software_bsp/\libhal_bsp.a(alt_get_fd.o)
 .bss           0x000000000000d1fc        0x0 C:/Users/zdw7287/Downloads/Embedded-Systems-Design-I/cpet561/lab4/lab4_src/lab4_software_src/nios_software_bsp/\libhal_bsp.a(alt_instruction_exception_entry.o)
 .bss           0x000000000000d1fc        0x0 c:/altera/15.1/nios2eds/bin/gnu/h-x86_64-mingw32/bin/../lib/gcc/nios2-elf/4.9.2/../../../../../H-x86_64-mingw32/nios2-elf/lib/mno-hw-mul\libc.a(lib_a-atexit.o)
 .bss           0x000000000000d1fc        0x0 c:/altera/15.1/nios2eds/bin/gnu/h-x86_64-mingw32/bin/../lib/gcc/nios2-elf/4.9.2/../../../../../H-x86_64-mingw32/nios2-elf/lib/mno-hw-mul\libc.a(lib_a-exit.o)
 .bss           0x000000000000d1fc        0x0 c:/altera/15.1/nios2eds/bin/gnu/h-x86_64-mingw32/bin/../lib/gcc/nios2-elf/4.9.2/../../../../../H-x86_64-mingw32/nios2-elf/lib/mno-hw-mul\libc.a(lib_a-impure.o)
 .bss           0x000000000000d1fc        0x0 c:/altera/15.1/nios2eds/bin/gnu/h-x86_64-mingw32/bin/../lib/gcc/nios2-elf/4.9.2/../../../../../H-x86_64-mingw32/nios2-elf/lib/mno-hw-mul\libc.a(lib_a-int_errno.o)
 .bss           0x000000000000d1fc        0x0 c:/altera/15.1/nios2eds/bin/gnu/h-x86_64-mingw32/bin/../lib/gcc/nios2-elf/4.9.2/../../../../../H-x86_64-mingw32/nios2-elf/lib/mno-hw-mul\libc.a(lib_a-memcmp.o)
 .bss           0x000000000000d1fc        0x0 c:/altera/15.1/nios2eds/bin/gnu/h-x86_64-mingw32/bin/../lib/gcc/nios2-elf/4.9.2/../../../../../H-x86_64-mingw32/nios2-elf/lib/mno-hw-mul\libc.a(lib_a-memcpy.o)
 .bss           0x000000000000d1fc        0x0 c:/altera/15.1/nios2eds/bin/gnu/h-x86_64-mingw32/bin/../lib/gcc/nios2-elf/4.9.2/../../../../../H-x86_64-mingw32/nios2-elf/lib/mno-hw-mul\libc.a(lib_a-strlen.o)
 .bss           0x000000000000d1fc        0x0 c:/altera/15.1/nios2eds/bin/gnu/h-x86_64-mingw32/bin/../lib/gcc/nios2-elf/4.9.2/../../../../../H-x86_64-mingw32/nios2-elf/lib/mno-hw-mul\libc.a(lib_a-__atexit.o)
 .bss           0x000000000000d1fc        0x0 c:/altera/15.1/nios2eds/bin/gnu/h-x86_64-mingw32/bin/../lib/gcc/nios2-elf/4.9.2/../../../../../H-x86_64-mingw32/nios2-elf/lib/mno-hw-mul\libc.a(lib_a-__call_atexit.o)
 .bss           0x000000000000d1fc        0x0 c:/altera/15.1/nios2eds/bin/gnu/h-x86_64-mingw32/bin/../lib/gcc/nios2-elf/4.9.2/mno-hw-mul\libgcc.a(lib2-mul.o)
 .bss           0x000000000000d1fc        0x0 C:/Users/zdw7287/Downloads/Embedded-Systems-Design-I/cpet561/lab4/lab4_src/lab4_software_src/nios_software_bsp/\libhal_bsp.a(alt_exit.o)
 *(COMMON)
 COMMON         0x000000000000d1fc      0x100 C:/Users/zdw7287/Downloads/Embedded-Systems-Design-I/cpet561/lab4/lab4_src/lab4_software_src/nios_software_bsp/\libhal_bsp.a(alt_irq_handler.o)
                0x000000000000d1fc                alt_irq
                0x000000000000d2fc                . = ALIGN (0x4)
                0x000000000000d2fc                __bss_end = ABSOLUTE (.)

.onchip_memory2_0
                0x000000000000d2fc        0x0
                0x000000000000d2fc                PROVIDE (_alt_partition_onchip_memory2_0_start, ABSOLUTE (.))
 *(.onchip_memory2_0 .onchip_memory2_0. onchip_memory2_0.*)
                0x000000000000d2fc                . = ALIGN (0x4)
                0x000000000000d2fc                PROVIDE (_alt_partition_onchip_memory2_0_end, ABSOLUTE (.))
                0x000000000000d2fc                _end = ABSOLUTE (.)
                0x000000000000d2fc                end = ABSOLUTE (.)
                0x000000000000d2fc                __alt_stack_base = ABSOLUTE (.)
                0x000000000000d2fc                PROVIDE (_alt_partition_onchip_memory2_0_load_addr, LOADADDR (.onchip_memory2_0))

.stab
 *(.stab)

.stabstr
 *(.stabstr)

.stab.excl
 *(.stab.excl)

.stab.exclstr
 *(.stab.exclstr)

.stab.index
 *(.stab.index)

.stab.indexstr
 *(.stab.indexstr)

.comment        0x0000000000000000       0x23
 *(.comment)
 .comment       0x0000000000000000       0x23 C:/Users/zdw7287/Downloads/Embedded-Systems-Design-I/cpet561/lab4/lab4_src/lab4_software_src/nios_software_bsp/\libhal_bsp.a(alt_load.o)
                                         0x24 (size before relaxing)
 .comment       0x0000000000000000       0x24 C:/Users/zdw7287/Downloads/Embedded-Systems-Design-I/cpet561/lab4/lab4_src/lab4_software_src/nios_software_bsp/\libhal_bsp.a(alt_main.o)
 .comment       0x0000000000000000       0x24 C:/Users/zdw7287/Downloads/Embedded-Systems-Design-I/cpet561/lab4/lab4_src/lab4_software_src/nios_software_bsp/\libhal_bsp.a(alt_sys_init.o)
 .comment       0x0000000000000000       0x24 C:/Users/zdw7287/Downloads/Embedded-Systems-Design-I/cpet561/lab4/lab4_src/lab4_software_src/nios_software_bsp/\libhal_bsp.a(altera_avalon_jtag_uart_fd.o)
 .comment       0x0000000000000000       0x24 C:/Users/zdw7287/Downloads/Embedded-Systems-Design-I/cpet561/lab4/lab4_src/lab4_software_src/nios_software_bsp/\libhal_bsp.a(altera_avalon_jtag_uart_init.o)
 .comment       0x0000000000000000       0x24 C:/Users/zdw7287/Downloads/Embedded-Systems-Design-I/cpet561/lab4/lab4_src/lab4_software_src/nios_software_bsp/\libhal_bsp.a(altera_avalon_jtag_uart_ioctl.o)
 .comment       0x0000000000000000       0x24 C:/Users/zdw7287/Downloads/Embedded-Systems-Design-I/cpet561/lab4/lab4_src/lab4_software_src/nios_software_bsp/\libhal_bsp.a(altera_avalon_jtag_uart_read.o)
 .comment       0x0000000000000000       0x24 C:/Users/zdw7287/Downloads/Embedded-Systems-Design-I/cpet561/lab4/lab4_src/lab4_software_src/nios_software_bsp/\libhal_bsp.a(altera_avalon_jtag_uart_write.o)
 .comment       0x0000000000000000       0x24 C:/Users/zdw7287/Downloads/Embedded-Systems-Design-I/cpet561/lab4/lab4_src/lab4_software_src/nios_software_bsp/\libhal_bsp.a(alt_alarm_start.o)
 .comment       0x0000000000000000       0x24 C:/Users/zdw7287/Downloads/Embedded-Systems-Design-I/cpet561/lab4/lab4_src/lab4_software_src/nios_software_bsp/\libhal_bsp.a(alt_close.o)
 .comment       0x0000000000000000       0x24 C:/Users/zdw7287/Downloads/Embedded-Systems-Design-I/cpet561/lab4/lab4_src/lab4_software_src/nios_software_bsp/\libhal_bsp.a(alt_dcache_flush_all.o)
 .comment       0x0000000000000000       0x24 C:/Users/zdw7287/Downloads/Embedded-Systems-Design-I/cpet561/lab4/lab4_src/lab4_software_src/nios_software_bsp/\libhal_bsp.a(alt_dev.o)
 .comment       0x0000000000000000       0x24 C:/Users/zdw7287/Downloads/Embedded-Systems-Design-I/cpet561/lab4/lab4_src/lab4_software_src/nios_software_bsp/\libhal_bsp.a(alt_dev_llist_insert.o)
 .comment       0x0000000000000000       0x24 C:/Users/zdw7287/Downloads/Embedded-Systems-Design-I/cpet561/lab4/lab4_src/lab4_software_src/nios_software_bsp/\libhal_bsp.a(alt_do_ctors.o)
 .comment       0x0000000000000000       0x24 C:/Users/zdw7287/Downloads/Embedded-Systems-Design-I/cpet561/lab4/lab4_src/lab4_software_src/nios_software_bsp/\libhal_bsp.a(alt_do_dtors.o)
 .comment       0x0000000000000000       0x24 C:/Users/zdw7287/Downloads/Embedded-Systems-Design-I/cpet561/lab4/lab4_src/lab4_software_src/nios_software_bsp/\libhal_bsp.a(alt_errno.o)
 .comment       0x0000000000000000       0x24 C:/Users/zdw7287/Downloads/Embedded-Systems-Design-I/cpet561/lab4/lab4_src/lab4_software_src/nios_software_bsp/\libhal_bsp.a(alt_icache_flush_all.o)
 .comment       0x0000000000000000       0x24 C:/Users/zdw7287/Downloads/Embedded-Systems-Design-I/cpet561/lab4/lab4_src/lab4_software_src/nios_software_bsp/\libhal_bsp.a(alt_iic.o)
 .comment       0x0000000000000000       0x24 C:/Users/zdw7287/Downloads/Embedded-Systems-Design-I/cpet561/lab4/lab4_src/lab4_software_src/nios_software_bsp/\libhal_bsp.a(alt_iic_isr_register.o)
 .comment       0x0000000000000000       0x24 C:/Users/zdw7287/Downloads/Embedded-Systems-Design-I/cpet561/lab4/lab4_src/lab4_software_src/nios_software_bsp/\libhal_bsp.a(alt_io_redirect.o)
 .comment       0x0000000000000000       0x24 C:/Users/zdw7287/Downloads/Embedded-Systems-Design-I/cpet561/lab4/lab4_src/lab4_software_src/nios_software_bsp/\libhal_bsp.a(alt_irq_handler.o)
 .comment       0x0000000000000000       0x24 C:/Users/zdw7287/Downloads/Embedded-Systems-Design-I/cpet561/lab4/lab4_src/lab4_software_src/nios_software_bsp/\libhal_bsp.a(alt_irq_vars.o)
 .comment       0x0000000000000000       0x24 C:/Users/zdw7287/Downloads/Embedded-Systems-Design-I/cpet561/lab4/lab4_src/lab4_software_src/nios_software_bsp/\libhal_bsp.a(alt_open.o)
 .comment       0x0000000000000000       0x24 C:/Users/zdw7287/Downloads/Embedded-Systems-Design-I/cpet561/lab4/lab4_src/lab4_software_src/nios_software_bsp/\libhal_bsp.a(alt_release_fd.o)
 .comment       0x0000000000000000       0x24 C:/Users/zdw7287/Downloads/Embedded-Systems-Design-I/cpet561/lab4/lab4_src/lab4_software_src/nios_software_bsp/\libhal_bsp.a(alt_tick.o)
 .comment       0x0000000000000000       0x24 C:/Users/zdw7287/Downloads/Embedded-Systems-Design-I/cpet561/lab4/lab4_src/lab4_software_src/nios_software_bsp/\libhal_bsp.a(altera_nios2_gen2_irq.o)
 .comment       0x0000000000000000       0x24 C:/Users/zdw7287/Downloads/Embedded-Systems-Design-I/cpet561/lab4/lab4_src/lab4_software_src/nios_software_bsp/\libhal_bsp.a(alt_find_dev.o)
 .comment       0x0000000000000000       0x24 C:/Users/zdw7287/Downloads/Embedded-Systems-Design-I/cpet561/lab4/lab4_src/lab4_software_src/nios_software_bsp/\libhal_bsp.a(alt_find_file.o)
 .comment       0x0000000000000000       0x24 C:/Users/zdw7287/Downloads/Embedded-Systems-Design-I/cpet561/lab4/lab4_src/lab4_software_src/nios_software_bsp/\libhal_bsp.a(alt_get_fd.o)
 .comment       0x0000000000000000       0x24 C:/Users/zdw7287/Downloads/Embedded-Systems-Design-I/cpet561/lab4/lab4_src/lab4_software_src/nios_software_bsp/\libhal_bsp.a(alt_instruction_exception_entry.o)
 .comment       0x0000000000000000       0x24 c:/altera/15.1/nios2eds/bin/gnu/h-x86_64-mingw32/bin/../lib/gcc/nios2-elf/4.9.2/../../../../../H-x86_64-mingw32/nios2-elf/lib/mno-hw-mul\libc.a(lib_a-atexit.o)
 .comment       0x0000000000000000       0x24 c:/altera/15.1/nios2eds/bin/gnu/h-x86_64-mingw32/bin/../lib/gcc/nios2-elf/4.9.2/../../../../../H-x86_64-mingw32/nios2-elf/lib/mno-hw-mul\libc.a(lib_a-exit.o)
 .comment       0x0000000000000000       0x24 c:/altera/15.1/nios2eds/bin/gnu/h-x86_64-mingw32/bin/../lib/gcc/nios2-elf/4.9.2/../../../../../H-x86_64-mingw32/nios2-elf/lib/mno-hw-mul\libc.a(lib_a-impure.o)
 .comment       0x0000000000000000       0x24 c:/altera/15.1/nios2eds/bin/gnu/h-x86_64-mingw32/bin/../lib/gcc/nios2-elf/4.9.2/../../../../../H-x86_64-mingw32/nios2-elf/lib/mno-hw-mul\libc.a(lib_a-int_errno.o)
 .comment       0x0000000000000000       0x24 c:/altera/15.1/nios2eds/bin/gnu/h-x86_64-mingw32/bin/../lib/gcc/nios2-elf/4.9.2/../../../../../H-x86_64-mingw32/nios2-elf/lib/mno-hw-mul\libc.a(lib_a-memcmp.o)
 .comment       0x0000000000000000       0x24 c:/altera/15.1/nios2eds/bin/gnu/h-x86_64-mingw32/bin/../lib/gcc/nios2-elf/4.9.2/../../../../../H-x86_64-mingw32/nios2-elf/lib/mno-hw-mul\libc.a(lib_a-memcpy.o)
 .comment       0x0000000000000000       0x24 c:/altera/15.1/nios2eds/bin/gnu/h-x86_64-mingw32/bin/../lib/gcc/nios2-elf/4.9.2/../../../../../H-x86_64-mingw32/nios2-elf/lib/mno-hw-mul\libc.a(lib_a-strlen.o)
 .comment       0x0000000000000000       0x24 c:/altera/15.1/nios2eds/bin/gnu/h-x86_64-mingw32/bin/../lib/gcc/nios2-elf/4.9.2/../../../../../H-x86_64-mingw32/nios2-elf/lib/mno-hw-mul\libc.a(lib_a-__atexit.o)
 .comment       0x0000000000000000       0x24 c:/altera/15.1/nios2eds/bin/gnu/h-x86_64-mingw32/bin/../lib/gcc/nios2-elf/4.9.2/../../../../../H-x86_64-mingw32/nios2-elf/lib/mno-hw-mul\libc.a(lib_a-__call_atexit.o)
 .comment       0x0000000000000000       0x24 c:/altera/15.1/nios2eds/bin/gnu/h-x86_64-mingw32/bin/../lib/gcc/nios2-elf/4.9.2/mno-hw-mul\libgcc.a(lib2-mul.o)
 .comment       0x0000000000000000       0x24 C:/Users/zdw7287/Downloads/Embedded-Systems-Design-I/cpet561/lab4/lab4_src/lab4_software_src/nios_software_bsp/\libhal_bsp.a(alt_exit.o)

.debug
 *(.debug)

.line
 *(.line)

.debug_srcinfo
 *(.debug_srcinfo)

.debug_sfnames
 *(.debug_sfnames)

.debug_aranges  0x0000000000000000      0x598
 *(.debug_aranges)
 .debug_aranges
                0x0000000000000000       0x28 C:/Users/zdw7287/Downloads/Embedded-Systems-Design-I/cpet561/lab4/lab4_src/lab4_software_src/nios_software_bsp//obj/HAL/src/crt0.o
 .debug_aranges
                0x0000000000000028       0x20 C:/Users/zdw7287/Downloads/Embedded-Systems-Design-I/cpet561/lab4/lab4_src/lab4_software_src/nios_software_bsp/\libhal_bsp.a(alt_load.o)
 .debug_aranges
                0x0000000000000048       0x20 C:/Users/zdw7287/Downloads/Embedded-Systems-Design-I/cpet561/lab4/lab4_src/lab4_software_src/nios_software_bsp/\libhal_bsp.a(alt_main.o)
 .debug_aranges
                0x0000000000000068       0x20 C:/Users/zdw7287/Downloads/Embedded-Systems-Design-I/cpet561/lab4/lab4_src/lab4_software_src/nios_software_bsp/\libhal_bsp.a(alt_sys_init.o)
 .debug_aranges
                0x0000000000000088       0x20 C:/Users/zdw7287/Downloads/Embedded-Systems-Design-I/cpet561/lab4/lab4_src/lab4_software_src/nios_software_bsp/\libhal_bsp.a(altera_avalon_jtag_uart_fd.o)
 .debug_aranges
                0x00000000000000a8       0x20 C:/Users/zdw7287/Downloads/Embedded-Systems-Design-I/cpet561/lab4/lab4_src/lab4_software_src/nios_software_bsp/\libhal_bsp.a(altera_avalon_jtag_uart_init.o)
 .debug_aranges
                0x00000000000000c8       0x20 C:/Users/zdw7287/Downloads/Embedded-Systems-Design-I/cpet561/lab4/lab4_src/lab4_software_src/nios_software_bsp/\libhal_bsp.a(altera_avalon_jtag_uart_ioctl.o)
 .debug_aranges
                0x00000000000000e8       0x20 C:/Users/zdw7287/Downloads/Embedded-Systems-Design-I/cpet561/lab4/lab4_src/lab4_software_src/nios_software_bsp/\libhal_bsp.a(altera_avalon_jtag_uart_read.o)
 .debug_aranges
                0x0000000000000108       0x20 C:/Users/zdw7287/Downloads/Embedded-Systems-Design-I/cpet561/lab4/lab4_src/lab4_software_src/nios_software_bsp/\libhal_bsp.a(altera_avalon_jtag_uart_write.o)
 .debug_aranges
                0x0000000000000128       0x20 C:/Users/zdw7287/Downloads/Embedded-Systems-Design-I/cpet561/lab4/lab4_src/lab4_software_src/nios_software_bsp/\libhal_bsp.a(alt_alarm_start.o)
 .debug_aranges
                0x0000000000000148       0x20 C:/Users/zdw7287/Downloads/Embedded-Systems-Design-I/cpet561/lab4/lab4_src/lab4_software_src/nios_software_bsp/\libhal_bsp.a(alt_close.o)
 .debug_aranges
                0x0000000000000168       0x20 C:/Users/zdw7287/Downloads/Embedded-Systems-Design-I/cpet561/lab4/lab4_src/lab4_software_src/nios_software_bsp/\libhal_bsp.a(alt_dcache_flush_all.o)
 .debug_aranges
                0x0000000000000188       0x20 C:/Users/zdw7287/Downloads/Embedded-Systems-Design-I/cpet561/lab4/lab4_src/lab4_software_src/nios_software_bsp/\libhal_bsp.a(alt_dev.o)
 .debug_aranges
                0x00000000000001a8       0x20 C:/Users/zdw7287/Downloads/Embedded-Systems-Design-I/cpet561/lab4/lab4_src/lab4_software_src/nios_software_bsp/\libhal_bsp.a(alt_dev_llist_insert.o)
 .debug_aranges
                0x00000000000001c8       0x20 C:/Users/zdw7287/Downloads/Embedded-Systems-Design-I/cpet561/lab4/lab4_src/lab4_software_src/nios_software_bsp/\libhal_bsp.a(alt_do_ctors.o)
 .debug_aranges
                0x00000000000001e8       0x20 C:/Users/zdw7287/Downloads/Embedded-Systems-Design-I/cpet561/lab4/lab4_src/lab4_software_src/nios_software_bsp/\libhal_bsp.a(alt_do_dtors.o)
 .debug_aranges
                0x0000000000000208       0x18 C:/Users/zdw7287/Downloads/Embedded-Systems-Design-I/cpet561/lab4/lab4_src/lab4_software_src/nios_software_bsp/\libhal_bsp.a(alt_errno.o)
 .debug_aranges
                0x0000000000000220       0x20 C:/Users/zdw7287/Downloads/Embedded-Systems-Design-I/cpet561/lab4/lab4_src/lab4_software_src/nios_software_bsp/\libhal_bsp.a(alt_icache_flush_all.o)
 .debug_aranges
                0x0000000000000240       0x20 C:/Users/zdw7287/Downloads/Embedded-Systems-Design-I/cpet561/lab4/lab4_src/lab4_software_src/nios_software_bsp/\libhal_bsp.a(alt_iic.o)
 .debug_aranges
                0x0000000000000260       0x20 C:/Users/zdw7287/Downloads/Embedded-Systems-Design-I/cpet561/lab4/lab4_src/lab4_software_src/nios_software_bsp/\libhal_bsp.a(alt_iic_isr_register.o)
 .debug_aranges
                0x0000000000000280       0x20 C:/Users/zdw7287/Downloads/Embedded-Systems-Design-I/cpet561/lab4/lab4_src/lab4_software_src/nios_software_bsp/\libhal_bsp.a(alt_io_redirect.o)
 .debug_aranges
                0x00000000000002a0       0x30 C:/Users/zdw7287/Downloads/Embedded-Systems-Design-I/cpet561/lab4/lab4_src/lab4_software_src/nios_software_bsp/\libhal_bsp.a(alt_irq_entry.o)
 .debug_aranges
                0x00000000000002d0       0x20 C:/Users/zdw7287/Downloads/Embedded-Systems-Design-I/cpet561/lab4/lab4_src/lab4_software_src/nios_software_bsp/\libhal_bsp.a(alt_irq_handler.o)
 .debug_aranges
                0x00000000000002f0       0x18 C:/Users/zdw7287/Downloads/Embedded-Systems-Design-I/cpet561/lab4/lab4_src/lab4_software_src/nios_software_bsp/\libhal_bsp.a(alt_irq_vars.o)
 .debug_aranges
                0x0000000000000308       0x20 C:/Users/zdw7287/Downloads/Embedded-Systems-Design-I/cpet561/lab4/lab4_src/lab4_software_src/nios_software_bsp/\libhal_bsp.a(alt_open.o)
 .debug_aranges
                0x0000000000000328       0x20 C:/Users/zdw7287/Downloads/Embedded-Systems-Design-I/cpet561/lab4/lab4_src/lab4_software_src/nios_software_bsp/\libhal_bsp.a(alt_release_fd.o)
 .debug_aranges
                0x0000000000000348       0x20 C:/Users/zdw7287/Downloads/Embedded-Systems-Design-I/cpet561/lab4/lab4_src/lab4_software_src/nios_software_bsp/\libhal_bsp.a(alt_tick.o)
 .debug_aranges
                0x0000000000000368       0x20 C:/Users/zdw7287/Downloads/Embedded-Systems-Design-I/cpet561/lab4/lab4_src/lab4_software_src/nios_software_bsp/\libhal_bsp.a(altera_nios2_gen2_irq.o)
 .debug_aranges
                0x0000000000000388       0x38 C:/Users/zdw7287/Downloads/Embedded-Systems-Design-I/cpet561/lab4/lab4_src/lab4_software_src/nios_software_bsp/\libhal_bsp.a(alt_exception_entry.o)
 .debug_aranges
                0x00000000000003c0       0x20 C:/Users/zdw7287/Downloads/Embedded-Systems-Design-I/cpet561/lab4/lab4_src/lab4_software_src/nios_software_bsp/\libhal_bsp.a(alt_find_dev.o)
 .debug_aranges
                0x00000000000003e0       0x20 C:/Users/zdw7287/Downloads/Embedded-Systems-Design-I/cpet561/lab4/lab4_src/lab4_software_src/nios_software_bsp/\libhal_bsp.a(alt_find_file.o)
 .debug_aranges
                0x0000000000000400       0x20 C:/Users/zdw7287/Downloads/Embedded-Systems-Design-I/cpet561/lab4/lab4_src/lab4_software_src/nios_software_bsp/\libhal_bsp.a(alt_get_fd.o)
 .debug_aranges
                0x0000000000000420       0x28 C:/Users/zdw7287/Downloads/Embedded-Systems-Design-I/cpet561/lab4/lab4_src/lab4_software_src/nios_software_bsp/\libhal_bsp.a(alt_instruction_exception_entry.o)
 .debug_aranges
                0x0000000000000448       0x20 c:/altera/15.1/nios2eds/bin/gnu/h-x86_64-mingw32/bin/../lib/gcc/nios2-elf/4.9.2/../../../../../H-x86_64-mingw32/nios2-elf/lib/mno-hw-mul\libc.a(lib_a-atexit.o)
 .debug_aranges
                0x0000000000000468       0x20 c:/altera/15.1/nios2eds/bin/gnu/h-x86_64-mingw32/bin/../lib/gcc/nios2-elf/4.9.2/../../../../../H-x86_64-mingw32/nios2-elf/lib/mno-hw-mul\libc.a(lib_a-exit.o)
 .debug_aranges
                0x0000000000000488       0x18 c:/altera/15.1/nios2eds/bin/gnu/h-x86_64-mingw32/bin/../lib/gcc/nios2-elf/4.9.2/../../../../../H-x86_64-mingw32/nios2-elf/lib/mno-hw-mul\libc.a(lib_a-impure.o)
 .debug_aranges
                0x00000000000004a0       0x18 c:/altera/15.1/nios2eds/bin/gnu/h-x86_64-mingw32/bin/../lib/gcc/nios2-elf/4.9.2/../../../../../H-x86_64-mingw32/nios2-elf/lib/mno-hw-mul\libc.a(lib_a-int_errno.o)
 .debug_aranges
                0x00000000000004b8       0x20 c:/altera/15.1/nios2eds/bin/gnu/h-x86_64-mingw32/bin/../lib/gcc/nios2-elf/4.9.2/../../../../../H-x86_64-mingw32/nios2-elf/lib/mno-hw-mul\libc.a(lib_a-memcmp.o)
 .debug_aranges
                0x00000000000004d8       0x20 c:/altera/15.1/nios2eds/bin/gnu/h-x86_64-mingw32/bin/../lib/gcc/nios2-elf/4.9.2/../../../../../H-x86_64-mingw32/nios2-elf/lib/mno-hw-mul\libc.a(lib_a-memcpy.o)
 .debug_aranges
                0x00000000000004f8       0x20 c:/altera/15.1/nios2eds/bin/gnu/h-x86_64-mingw32/bin/../lib/gcc/nios2-elf/4.9.2/../../../../../H-x86_64-mingw32/nios2-elf/lib/mno-hw-mul\libc.a(lib_a-strlen.o)
 .debug_aranges
                0x0000000000000518       0x20 c:/altera/15.1/nios2eds/bin/gnu/h-x86_64-mingw32/bin/../lib/gcc/nios2-elf/4.9.2/../../../../../H-x86_64-mingw32/nios2-elf/lib/mno-hw-mul\libc.a(lib_a-__atexit.o)
 .debug_aranges
                0x0000000000000538       0x20 c:/altera/15.1/nios2eds/bin/gnu/h-x86_64-mingw32/bin/../lib/gcc/nios2-elf/4.9.2/../../../../../H-x86_64-mingw32/nios2-elf/lib/mno-hw-mul\libc.a(lib_a-__call_atexit.o)
 .debug_aranges
                0x0000000000000558       0x20 c:/altera/15.1/nios2eds/bin/gnu/h-x86_64-mingw32/bin/../lib/gcc/nios2-elf/4.9.2/mno-hw-mul\libgcc.a(lib2-mul.o)
 .debug_aranges
                0x0000000000000578       0x20 C:/Users/zdw7287/Downloads/Embedded-Systems-Design-I/cpet561/lab4/lab4_src/lab4_software_src/nios_software_bsp/\libhal_bsp.a(alt_exit.o)

.debug_pubnames
 *(.debug_pubnames)

.debug_info     0x0000000000000000     0x7424
 *(.debug_info .gnu.linkonce.wi.*)
 .debug_info    0x0000000000000000       0xa3 C:/Users/zdw7287/Downloads/Embedded-Systems-Design-I/cpet561/lab4/lab4_src/lab4_software_src/nios_software_bsp//obj/HAL/src/crt0.o
 .debug_info    0x00000000000000a3      0x13e C:/Users/zdw7287/Downloads/Embedded-Systems-Design-I/cpet561/lab4/lab4_src/lab4_software_src/nios_software_bsp/\libhal_bsp.a(alt_load.o)
 .debug_info    0x00000000000001e1      0x12a C:/Users/zdw7287/Downloads/Embedded-Systems-Design-I/cpet561/lab4/lab4_src/lab4_software_src/nios_software_bsp/\libhal_bsp.a(alt_main.o)
 .debug_info    0x000000000000030b      0x4bc C:/Users/zdw7287/Downloads/Embedded-Systems-Design-I/cpet561/lab4/lab4_src/lab4_software_src/nios_software_bsp/\libhal_bsp.a(alt_sys_init.o)
 .debug_info    0x00000000000007c7      0x527 C:/Users/zdw7287/Downloads/Embedded-Systems-Design-I/cpet561/lab4/lab4_src/lab4_software_src/nios_software_bsp/\libhal_bsp.a(altera_avalon_jtag_uart_fd.o)
 .debug_info    0x0000000000000cee      0x3a1 C:/Users/zdw7287/Downloads/Embedded-Systems-Design-I/cpet561/lab4/lab4_src/lab4_software_src/nios_software_bsp/\libhal_bsp.a(altera_avalon_jtag_uart_init.o)
 .debug_info    0x000000000000108f      0x279 C:/Users/zdw7287/Downloads/Embedded-Systems-Design-I/cpet561/lab4/lab4_src/lab4_software_src/nios_software_bsp/\libhal_bsp.a(altera_avalon_jtag_uart_ioctl.o)
 .debug_info    0x0000000000001308      0x342 C:/Users/zdw7287/Downloads/Embedded-Systems-Design-I/cpet561/lab4/lab4_src/lab4_software_src/nios_software_bsp/\libhal_bsp.a(altera_avalon_jtag_uart_read.o)
 .debug_info    0x000000000000164a      0x339 C:/Users/zdw7287/Downloads/Embedded-Systems-Design-I/cpet561/lab4/lab4_src/lab4_software_src/nios_software_bsp/\libhal_bsp.a(altera_avalon_jtag_uart_write.o)
 .debug_info    0x0000000000001983      0x2c5 C:/Users/zdw7287/Downloads/Embedded-Systems-Design-I/cpet561/lab4/lab4_src/lab4_software_src/nios_software_bsp/\libhal_bsp.a(alt_alarm_start.o)
 .debug_info    0x0000000000001c48      0x31a C:/Users/zdw7287/Downloads/Embedded-Systems-Design-I/cpet561/lab4/lab4_src/lab4_software_src/nios_software_bsp/\libhal_bsp.a(alt_close.o)
 .debug_info    0x0000000000001f62       0x8b C:/Users/zdw7287/Downloads/Embedded-Systems-Design-I/cpet561/lab4/lab4_src/lab4_software_src/nios_software_bsp/\libhal_bsp.a(alt_dcache_flush_all.o)
 .debug_info    0x0000000000001fed      0x495 C:/Users/zdw7287/Downloads/Embedded-Systems-Design-I/cpet561/lab4/lab4_src/lab4_software_src/nios_software_bsp/\libhal_bsp.a(alt_dev.o)
 .debug_info    0x0000000000002482      0x1a2 C:/Users/zdw7287/Downloads/Embedded-Systems-Design-I/cpet561/lab4/lab4_src/lab4_software_src/nios_software_bsp/\libhal_bsp.a(alt_dev_llist_insert.o)
 .debug_info    0x0000000000002624       0x83 C:/Users/zdw7287/Downloads/Embedded-Systems-Design-I/cpet561/lab4/lab4_src/lab4_software_src/nios_software_bsp/\libhal_bsp.a(alt_do_ctors.o)
 .debug_info    0x00000000000026a7       0x83 C:/Users/zdw7287/Downloads/Embedded-Systems-Design-I/cpet561/lab4/lab4_src/lab4_software_src/nios_software_bsp/\libhal_bsp.a(alt_do_dtors.o)
 .debug_info    0x000000000000272a       0x9f C:/Users/zdw7287/Downloads/Embedded-Systems-Design-I/cpet561/lab4/lab4_src/lab4_software_src/nios_software_bsp/\libhal_bsp.a(alt_errno.o)
 .debug_info    0x00000000000027c9       0x8b C:/Users/zdw7287/Downloads/Embedded-Systems-Design-I/cpet561/lab4/lab4_src/lab4_software_src/nios_software_bsp/\libhal_bsp.a(alt_icache_flush_all.o)
 .debug_info    0x0000000000002854      0x349 C:/Users/zdw7287/Downloads/Embedded-Systems-Design-I/cpet561/lab4/lab4_src/lab4_software_src/nios_software_bsp/\libhal_bsp.a(alt_iic.o)
 .debug_info    0x0000000000002b9d      0x1e8 C:/Users/zdw7287/Downloads/Embedded-Systems-Design-I/cpet561/lab4/lab4_src/lab4_software_src/nios_software_bsp/\libhal_bsp.a(alt_iic_isr_register.o)
 .debug_info    0x0000000000002d85      0x49e C:/Users/zdw7287/Downloads/Embedded-Systems-Design-I/cpet561/lab4/lab4_src/lab4_software_src/nios_software_bsp/\libhal_bsp.a(alt_io_redirect.o)
 .debug_info    0x0000000000003223       0xac C:/Users/zdw7287/Downloads/Embedded-Systems-Design-I/cpet561/lab4/lab4_src/lab4_software_src/nios_software_bsp/\libhal_bsp.a(alt_irq_entry.o)
 .debug_info    0x00000000000032cf      0x180 C:/Users/zdw7287/Downloads/Embedded-Systems-Design-I/cpet561/lab4/lab4_src/lab4_software_src/nios_software_bsp/\libhal_bsp.a(alt_irq_handler.o)
 .debug_info    0x000000000000344f       0x88 C:/Users/zdw7287/Downloads/Embedded-Systems-Design-I/cpet561/lab4/lab4_src/lab4_software_src/nios_software_bsp/\libhal_bsp.a(alt_irq_vars.o)
 .debug_info    0x00000000000034d7      0x3b4 C:/Users/zdw7287/Downloads/Embedded-Systems-Design-I/cpet561/lab4/lab4_src/lab4_software_src/nios_software_bsp/\libhal_bsp.a(alt_open.o)
 .debug_info    0x000000000000388b      0x2b0 C:/Users/zdw7287/Downloads/Embedded-Systems-Design-I/cpet561/lab4/lab4_src/lab4_software_src/nios_software_bsp/\libhal_bsp.a(alt_release_fd.o)
 .debug_info    0x0000000000003b3b      0x292 C:/Users/zdw7287/Downloads/Embedded-Systems-Design-I/cpet561/lab4/lab4_src/lab4_software_src/nios_software_bsp/\libhal_bsp.a(alt_tick.o)
 .debug_info    0x0000000000003dcd       0x8b C:/Users/zdw7287/Downloads/Embedded-Systems-Design-I/cpet561/lab4/lab4_src/lab4_software_src/nios_software_bsp/\libhal_bsp.a(altera_nios2_gen2_irq.o)
 .debug_info    0x0000000000003e58       0xb2 C:/Users/zdw7287/Downloads/Embedded-Systems-Design-I/cpet561/lab4/lab4_src/lab4_software_src/nios_software_bsp/\libhal_bsp.a(alt_exception_entry.o)
 .debug_info    0x0000000000003f0a      0x2e2 C:/Users/zdw7287/Downloads/Embedded-Systems-Design-I/cpet561/lab4/lab4_src/lab4_software_src/nios_software_bsp/\libhal_bsp.a(alt_find_dev.o)
 .debug_info    0x00000000000041ec      0x2df C:/Users/zdw7287/Downloads/Embedded-Systems-Design-I/cpet561/lab4/lab4_src/lab4_software_src/nios_software_bsp/\libhal_bsp.a(alt_find_file.o)
 .debug_info    0x00000000000044cb      0x309 C:/Users/zdw7287/Downloads/Embedded-Systems-Design-I/cpet561/lab4/lab4_src/lab4_software_src/nios_software_bsp/\libhal_bsp.a(alt_get_fd.o)
 .debug_info    0x00000000000047d4      0x1d8 C:/Users/zdw7287/Downloads/Embedded-Systems-Design-I/cpet561/lab4/lab4_src/lab4_software_src/nios_software_bsp/\libhal_bsp.a(alt_instruction_exception_entry.o)
 .debug_info    0x00000000000049ac      0x10a c:/altera/15.1/nios2eds/bin/gnu/h-x86_64-mingw32/bin/../lib/gcc/nios2-elf/4.9.2/../../../../../H-x86_64-mingw32/nios2-elf/lib/mno-hw-mul\libc.a(lib_a-atexit.o)
 .debug_info    0x0000000000004ab6      0x8ef c:/altera/15.1/nios2eds/bin/gnu/h-x86_64-mingw32/bin/../lib/gcc/nios2-elf/4.9.2/../../../../../H-x86_64-mingw32/nios2-elf/lib/mno-hw-mul\libc.a(lib_a-exit.o)
 .debug_info    0x00000000000053a5      0x89f c:/altera/15.1/nios2eds/bin/gnu/h-x86_64-mingw32/bin/../lib/gcc/nios2-elf/4.9.2/../../../../../H-x86_64-mingw32/nios2-elf/lib/mno-hw-mul\libc.a(lib_a-impure.o)
 .debug_info    0x0000000000005c44       0x83 c:/altera/15.1/nios2eds/bin/gnu/h-x86_64-mingw32/bin/../lib/gcc/nios2-elf/4.9.2/../../../../../H-x86_64-mingw32/nios2-elf/lib/mno-hw-mul\libc.a(lib_a-int_errno.o)
 .debug_info    0x0000000000005cc7      0x113 c:/altera/15.1/nios2eds/bin/gnu/h-x86_64-mingw32/bin/../lib/gcc/nios2-elf/4.9.2/../../../../../H-x86_64-mingw32/nios2-elf/lib/mno-hw-mul\libc.a(lib_a-memcmp.o)
 .debug_info    0x0000000000005dda      0x133 c:/altera/15.1/nios2eds/bin/gnu/h-x86_64-mingw32/bin/../lib/gcc/nios2-elf/4.9.2/../../../../../H-x86_64-mingw32/nios2-elf/lib/mno-hw-mul\libc.a(lib_a-memcpy.o)
 .debug_info    0x0000000000005f0d       0xdb c:/altera/15.1/nios2eds/bin/gnu/h-x86_64-mingw32/bin/../lib/gcc/nios2-elf/4.9.2/../../../../../H-x86_64-mingw32/nios2-elf/lib/mno-hw-mul\libc.a(lib_a-strlen.o)
 .debug_info    0x0000000000005fe8      0x93f c:/altera/15.1/nios2eds/bin/gnu/h-x86_64-mingw32/bin/../lib/gcc/nios2-elf/4.9.2/../../../../../H-x86_64-mingw32/nios2-elf/lib/mno-hw-mul\libc.a(lib_a-__atexit.o)
 .debug_info    0x0000000000006927      0x964 c:/altera/15.1/nios2eds/bin/gnu/h-x86_64-mingw32/bin/../lib/gcc/nios2-elf/4.9.2/../../../../../H-x86_64-mingw32/nios2-elf/lib/mno-hw-mul\libc.a(lib_a-__call_atexit.o)
 .debug_info    0x000000000000728b       0xb4 c:/altera/15.1/nios2eds/bin/gnu/h-x86_64-mingw32/bin/../lib/gcc/nios2-elf/4.9.2/mno-hw-mul\libgcc.a(lib2-mul.o)
 .debug_info    0x000000000000733f       0xe5 C:/Users/zdw7287/Downloads/Embedded-Systems-Design-I/cpet561/lab4/lab4_src/lab4_software_src/nios_software_bsp/\libhal_bsp.a(alt_exit.o)

.debug_abbrev   0x0000000000000000     0x28b8
 *(.debug_abbrev)
 .debug_abbrev  0x0000000000000000       0x12 C:/Users/zdw7287/Downloads/Embedded-Systems-Design-I/cpet561/lab4/lab4_src/lab4_software_src/nios_software_bsp//obj/HAL/src/crt0.o
 .debug_abbrev  0x0000000000000012       0x9f C:/Users/zdw7287/Downloads/Embedded-Systems-Design-I/cpet561/lab4/lab4_src/lab4_software_src/nios_software_bsp/\libhal_bsp.a(alt_load.o)
 .debug_abbrev  0x00000000000000b1       0xba C:/Users/zdw7287/Downloads/Embedded-Systems-Design-I/cpet561/lab4/lab4_src/lab4_software_src/nios_software_bsp/\libhal_bsp.a(alt_main.o)
 .debug_abbrev  0x000000000000016b      0x187 C:/Users/zdw7287/Downloads/Embedded-Systems-Design-I/cpet561/lab4/lab4_src/lab4_software_src/nios_software_bsp/\libhal_bsp.a(alt_sys_init.o)
 .debug_abbrev  0x00000000000002f2      0x127 C:/Users/zdw7287/Downloads/Embedded-Systems-Design-I/cpet561/lab4/lab4_src/lab4_software_src/nios_software_bsp/\libhal_bsp.a(altera_avalon_jtag_uart_fd.o)
 .debug_abbrev  0x0000000000000419      0x197 C:/Users/zdw7287/Downloads/Embedded-Systems-Design-I/cpet561/lab4/lab4_src/lab4_software_src/nios_software_bsp/\libhal_bsp.a(altera_avalon_jtag_uart_init.o)
 .debug_abbrev  0x00000000000005b0      0x111 C:/Users/zdw7287/Downloads/Embedded-Systems-Design-I/cpet561/lab4/lab4_src/lab4_software_src/nios_software_bsp/\libhal_bsp.a(altera_avalon_jtag_uart_ioctl.o)
 .debug_abbrev  0x00000000000006c1      0x1ac C:/Users/zdw7287/Downloads/Embedded-Systems-Design-I/cpet561/lab4/lab4_src/lab4_software_src/nios_software_bsp/\libhal_bsp.a(altera_avalon_jtag_uart_read.o)
 .debug_abbrev  0x000000000000086d      0x1a8 C:/Users/zdw7287/Downloads/Embedded-Systems-Design-I/cpet561/lab4/lab4_src/lab4_software_src/nios_software_bsp/\libhal_bsp.a(altera_avalon_jtag_uart_write.o)
 .debug_abbrev  0x0000000000000a15      0x162 C:/Users/zdw7287/Downloads/Embedded-Systems-Design-I/cpet561/lab4/lab4_src/lab4_software_src/nios_software_bsp/\libhal_bsp.a(alt_alarm_start.o)
 .debug_abbrev  0x0000000000000b77      0x11f C:/Users/zdw7287/Downloads/Embedded-Systems-Design-I/cpet561/lab4/lab4_src/lab4_software_src/nios_software_bsp/\libhal_bsp.a(alt_close.o)
 .debug_abbrev  0x0000000000000c96       0x42 C:/Users/zdw7287/Downloads/Embedded-Systems-Design-I/cpet561/lab4/lab4_src/lab4_software_src/nios_software_bsp/\libhal_bsp.a(alt_dcache_flush_all.o)
 .debug_abbrev  0x0000000000000cd8       0xd9 C:/Users/zdw7287/Downloads/Embedded-Systems-Design-I/cpet561/lab4/lab4_src/lab4_software_src/nios_software_bsp/\libhal_bsp.a(alt_dev.o)
 .debug_abbrev  0x0000000000000db1      0x114 C:/Users/zdw7287/Downloads/Embedded-Systems-Design-I/cpet561/lab4/lab4_src/lab4_software_src/nios_software_bsp/\libhal_bsp.a(alt_dev_llist_insert.o)
 .debug_abbrev  0x0000000000000ec5       0x79 C:/Users/zdw7287/Downloads/Embedded-Systems-Design-I/cpet561/lab4/lab4_src/lab4_software_src/nios_software_bsp/\libhal_bsp.a(alt_do_ctors.o)
 .debug_abbrev  0x0000000000000f3e       0x79 C:/Users/zdw7287/Downloads/Embedded-Systems-Design-I/cpet561/lab4/lab4_src/lab4_software_src/nios_software_bsp/\libhal_bsp.a(alt_do_dtors.o)
 .debug_abbrev  0x0000000000000fb7       0x5a C:/Users/zdw7287/Downloads/Embedded-Systems-Design-I/cpet561/lab4/lab4_src/lab4_software_src/nios_software_bsp/\libhal_bsp.a(alt_errno.o)
 .debug_abbrev  0x0000000000001011       0x42 C:/Users/zdw7287/Downloads/Embedded-Systems-Design-I/cpet561/lab4/lab4_src/lab4_software_src/nios_software_bsp/\libhal_bsp.a(alt_icache_flush_all.o)
 .debug_abbrev  0x0000000000001053      0x163 C:/Users/zdw7287/Downloads/Embedded-Systems-Design-I/cpet561/lab4/lab4_src/lab4_software_src/nios_software_bsp/\libhal_bsp.a(alt_iic.o)
 .debug_abbrev  0x00000000000011b6      0x169 C:/Users/zdw7287/Downloads/Embedded-Systems-Design-I/cpet561/lab4/lab4_src/lab4_software_src/nios_software_bsp/\libhal_bsp.a(alt_iic_isr_register.o)
 .debug_abbrev  0x000000000000131f      0x114 C:/Users/zdw7287/Downloads/Embedded-Systems-Design-I/cpet561/lab4/lab4_src/lab4_software_src/nios_software_bsp/\libhal_bsp.a(alt_io_redirect.o)
 .debug_abbrev  0x0000000000001433       0x12 C:/Users/zdw7287/Downloads/Embedded-Systems-Design-I/cpet561/lab4/lab4_src/lab4_software_src/nios_software_bsp/\libhal_bsp.a(alt_irq_entry.o)
 .debug_abbrev  0x0000000000001445      0x122 C:/Users/zdw7287/Downloads/Embedded-Systems-Design-I/cpet561/lab4/lab4_src/lab4_software_src/nios_software_bsp/\libhal_bsp.a(alt_irq_handler.o)
 .debug_abbrev  0x0000000000001567       0x40 C:/Users/zdw7287/Downloads/Embedded-Systems-Design-I/cpet561/lab4/lab4_src/lab4_software_src/nios_software_bsp/\libhal_bsp.a(alt_irq_vars.o)
 .debug_abbrev  0x00000000000015a7      0x148 C:/Users/zdw7287/Downloads/Embedded-Systems-Design-I/cpet561/lab4/lab4_src/lab4_software_src/nios_software_bsp/\libhal_bsp.a(alt_open.o)
 .debug_abbrev  0x00000000000016ef       0xde C:/Users/zdw7287/Downloads/Embedded-Systems-Design-I/cpet561/lab4/lab4_src/lab4_software_src/nios_software_bsp/\libhal_bsp.a(alt_release_fd.o)
 .debug_abbrev  0x00000000000017cd      0x15a C:/Users/zdw7287/Downloads/Embedded-Systems-Design-I/cpet561/lab4/lab4_src/lab4_software_src/nios_software_bsp/\libhal_bsp.a(alt_tick.o)
 .debug_abbrev  0x0000000000001927       0x42 C:/Users/zdw7287/Downloads/Embedded-Systems-Design-I/cpet561/lab4/lab4_src/lab4_software_src/nios_software_bsp/\libhal_bsp.a(altera_nios2_gen2_irq.o)
 .debug_abbrev  0x0000000000001969       0x12 C:/Users/zdw7287/Downloads/Embedded-Systems-Design-I/cpet561/lab4/lab4_src/lab4_software_src/nios_software_bsp/\libhal_bsp.a(alt_exception_entry.o)
 .debug_abbrev  0x000000000000197b       0xf0 C:/Users/zdw7287/Downloads/Embedded-Systems-Design-I/cpet561/lab4/lab4_src/lab4_software_src/nios_software_bsp/\libhal_bsp.a(alt_find_dev.o)
 .debug_abbrev  0x0000000000001a6b       0xf0 C:/Users/zdw7287/Downloads/Embedded-Systems-Design-I/cpet561/lab4/lab4_src/lab4_software_src/nios_software_bsp/\libhal_bsp.a(alt_find_file.o)
 .debug_abbrev  0x0000000000001b5b      0x10d C:/Users/zdw7287/Downloads/Embedded-Systems-Design-I/cpet561/lab4/lab4_src/lab4_software_src/nios_software_bsp/\libhal_bsp.a(alt_get_fd.o)
 .debug_abbrev  0x0000000000001c68       0xd1 C:/Users/zdw7287/Downloads/Embedded-Systems-Design-I/cpet561/lab4/lab4_src/lab4_software_src/nios_software_bsp/\libhal_bsp.a(alt_instruction_exception_entry.o)
 .debug_abbrev  0x0000000000001d39       0xb8 c:/altera/15.1/nios2eds/bin/gnu/h-x86_64-mingw32/bin/../lib/gcc/nios2-elf/4.9.2/../../../../../H-x86_64-mingw32/nios2-elf/lib/mno-hw-mul\libc.a(lib_a-atexit.o)
 .debug_abbrev  0x0000000000001df1      0x1f5 c:/altera/15.1/nios2eds/bin/gnu/h-x86_64-mingw32/bin/../lib/gcc/nios2-elf/4.9.2/../../../../../H-x86_64-mingw32/nios2-elf/lib/mno-hw-mul\libc.a(lib_a-exit.o)
 .debug_abbrev  0x0000000000001fe6      0x18f c:/altera/15.1/nios2eds/bin/gnu/h-x86_64-mingw32/bin/../lib/gcc/nios2-elf/4.9.2/../../../../../H-x86_64-mingw32/nios2-elf/lib/mno-hw-mul\libc.a(lib_a-impure.o)
 .debug_abbrev  0x0000000000002175       0x37 c:/altera/15.1/nios2eds/bin/gnu/h-x86_64-mingw32/bin/../lib/gcc/nios2-elf/4.9.2/../../../../../H-x86_64-mingw32/nios2-elf/lib/mno-hw-mul\libc.a(lib_a-int_errno.o)
 .debug_abbrev  0x00000000000021ac       0x7f c:/altera/15.1/nios2eds/bin/gnu/h-x86_64-mingw32/bin/../lib/gcc/nios2-elf/4.9.2/../../../../../H-x86_64-mingw32/nios2-elf/lib/mno-hw-mul\libc.a(lib_a-memcmp.o)
 .debug_abbrev  0x000000000000222b       0x9c c:/altera/15.1/nios2eds/bin/gnu/h-x86_64-mingw32/bin/../lib/gcc/nios2-elf/4.9.2/../../../../../H-x86_64-mingw32/nios2-elf/lib/mno-hw-mul\libc.a(lib_a-memcpy.o)
 .debug_abbrev  0x00000000000022c7       0x90 c:/altera/15.1/nios2eds/bin/gnu/h-x86_64-mingw32/bin/../lib/gcc/nios2-elf/4.9.2/../../../../../H-x86_64-mingw32/nios2-elf/lib/mno-hw-mul\libc.a(lib_a-strlen.o)
 .debug_abbrev  0x0000000000002357      0x21e c:/altera/15.1/nios2eds/bin/gnu/h-x86_64-mingw32/bin/../lib/gcc/nios2-elf/4.9.2/../../../../../H-x86_64-mingw32/nios2-elf/lib/mno-hw-mul\libc.a(lib_a-__atexit.o)
 .debug_abbrev  0x0000000000002575      0x22e c:/altera/15.1/nios2eds/bin/gnu/h-x86_64-mingw32/bin/../lib/gcc/nios2-elf/4.9.2/../../../../../H-x86_64-mingw32/nios2-elf/lib/mno-hw-mul\libc.a(lib_a-__call_atexit.o)
 .debug_abbrev  0x00000000000027a3       0x6f c:/altera/15.1/nios2eds/bin/gnu/h-x86_64-mingw32/bin/../lib/gcc/nios2-elf/4.9.2/mno-hw-mul\libgcc.a(lib2-mul.o)
 .debug_abbrev  0x0000000000002812       0xa6 C:/Users/zdw7287/Downloads/Embedded-Systems-Design-I/cpet561/lab4/lab4_src/lab4_software_src/nios_software_bsp/\libhal_bsp.a(alt_exit.o)

.debug_line     0x0000000000000000     0x28ef
 *(.debug_line)
 .debug_line    0x0000000000000000       0x66 C:/Users/zdw7287/Downloads/Embedded-Systems-Design-I/cpet561/lab4/lab4_src/lab4_software_src/nios_software_bsp//obj/HAL/src/crt0.o
 .debug_line    0x0000000000000066       0x8d C:/Users/zdw7287/Downloads/Embedded-Systems-Design-I/cpet561/lab4/lab4_src/lab4_software_src/nios_software_bsp/\libhal_bsp.a(alt_load.o)
 .debug_line    0x00000000000000f3       0xa4 C:/Users/zdw7287/Downloads/Embedded-Systems-Design-I/cpet561/lab4/lab4_src/lab4_software_src/nios_software_bsp/\libhal_bsp.a(alt_main.o)
 .debug_line    0x0000000000000197      0x137 C:/Users/zdw7287/Downloads/Embedded-Systems-Design-I/cpet561/lab4/lab4_src/lab4_software_src/nios_software_bsp/\libhal_bsp.a(alt_sys_init.o)
 .debug_line    0x00000000000002ce      0x12f C:/Users/zdw7287/Downloads/Embedded-Systems-Design-I/cpet561/lab4/lab4_src/lab4_software_src/nios_software_bsp/\libhal_bsp.a(altera_avalon_jtag_uart_fd.o)
 .debug_line    0x00000000000003fd      0x180 C:/Users/zdw7287/Downloads/Embedded-Systems-Design-I/cpet561/lab4/lab4_src/lab4_software_src/nios_software_bsp/\libhal_bsp.a(altera_avalon_jtag_uart_init.o)
 .debug_line    0x000000000000057d      0x12e C:/Users/zdw7287/Downloads/Embedded-Systems-Design-I/cpet561/lab4/lab4_src/lab4_software_src/nios_software_bsp/\libhal_bsp.a(altera_avalon_jtag_uart_ioctl.o)
 .debug_line    0x00000000000006ab      0x16a C:/Users/zdw7287/Downloads/Embedded-Systems-Design-I/cpet561/lab4/lab4_src/lab4_software_src/nios_software_bsp/\libhal_bsp.a(altera_avalon_jtag_uart_read.o)
 .debug_line    0x0000000000000815      0x16a C:/Users/zdw7287/Downloads/Embedded-Systems-Design-I/cpet561/lab4/lab4_src/lab4_software_src/nios_software_bsp/\libhal_bsp.a(altera_avalon_jtag_uart_write.o)
 .debug_line    0x000000000000097f       0xfa C:/Users/zdw7287/Downloads/Embedded-Systems-Design-I/cpet561/lab4/lab4_src/lab4_software_src/nios_software_bsp/\libhal_bsp.a(alt_alarm_start.o)
 .debug_line    0x0000000000000a79      0x15e C:/Users/zdw7287/Downloads/Embedded-Systems-Design-I/cpet561/lab4/lab4_src/lab4_software_src/nios_software_bsp/\libhal_bsp.a(alt_close.o)
 .debug_line    0x0000000000000bd7       0x51 C:/Users/zdw7287/Downloads/Embedded-Systems-Design-I/cpet561/lab4/lab4_src/lab4_software_src/nios_software_bsp/\libhal_bsp.a(alt_dcache_flush_all.o)
 .debug_line    0x0000000000000c28       0xf0 C:/Users/zdw7287/Downloads/Embedded-Systems-Design-I/cpet561/lab4/lab4_src/lab4_software_src/nios_software_bsp/\libhal_bsp.a(alt_dev.o)
 .debug_line    0x0000000000000d18       0xd0 C:/Users/zdw7287/Downloads/Embedded-Systems-Design-I/cpet561/lab4/lab4_src/lab4_software_src/nios_software_bsp/\libhal_bsp.a(alt_dev_llist_insert.o)
 .debug_line    0x0000000000000de8       0x59 C:/Users/zdw7287/Downloads/Embedded-Systems-Design-I/cpet561/lab4/lab4_src/lab4_software_src/nios_software_bsp/\libhal_bsp.a(alt_do_ctors.o)
 .debug_line    0x0000000000000e41       0x59 C:/Users/zdw7287/Downloads/Embedded-Systems-Design-I/cpet561/lab4/lab4_src/lab4_software_src/nios_software_bsp/\libhal_bsp.a(alt_do_dtors.o)
 .debug_line    0x0000000000000e9a       0x51 C:/Users/zdw7287/Downloads/Embedded-Systems-Design-I/cpet561/lab4/lab4_src/lab4_software_src/nios_software_bsp/\libhal_bsp.a(alt_errno.o)
 .debug_line    0x0000000000000eeb       0x4f C:/Users/zdw7287/Downloads/Embedded-Systems-Design-I/cpet561/lab4/lab4_src/lab4_software_src/nios_software_bsp/\libhal_bsp.a(alt_icache_flush_all.o)
 .debug_line    0x0000000000000f3a       0xef C:/Users/zdw7287/Downloads/Embedded-Systems-Design-I/cpet561/lab4/lab4_src/lab4_software_src/nios_software_bsp/\libhal_bsp.a(alt_iic.o)
 .debug_line    0x0000000000001029       0xdb C:/Users/zdw7287/Downloads/Embedded-Systems-Design-I/cpet561/lab4/lab4_src/lab4_software_src/nios_software_bsp/\libhal_bsp.a(alt_iic_isr_register.o)
 .debug_line    0x0000000000001104      0x12d C:/Users/zdw7287/Downloads/Embedded-Systems-Design-I/cpet561/lab4/lab4_src/lab4_software_src/nios_software_bsp/\libhal_bsp.a(alt_io_redirect.o)
 .debug_line    0x0000000000001231       0x6b C:/Users/zdw7287/Downloads/Embedded-Systems-Design-I/cpet561/lab4/lab4_src/lab4_software_src/nios_software_bsp/\libhal_bsp.a(alt_irq_entry.o)
 .debug_line    0x000000000000129c       0xaa C:/Users/zdw7287/Downloads/Embedded-Systems-Design-I/cpet561/lab4/lab4_src/lab4_software_src/nios_software_bsp/\libhal_bsp.a(alt_irq_handler.o)
 .debug_line    0x0000000000001346       0x50 C:/Users/zdw7287/Downloads/Embedded-Systems-Design-I/cpet561/lab4/lab4_src/lab4_software_src/nios_software_bsp/\libhal_bsp.a(alt_irq_vars.o)
 .debug_line    0x0000000000001396      0x12d C:/Users/zdw7287/Downloads/Embedded-Systems-Design-I/cpet561/lab4/lab4_src/lab4_software_src/nios_software_bsp/\libhal_bsp.a(alt_open.o)
 .debug_line    0x00000000000014c3       0xb0 C:/Users/zdw7287/Downloads/Embedded-Systems-Design-I/cpet561/lab4/lab4_src/lab4_software_src/nios_software_bsp/\libhal_bsp.a(alt_release_fd.o)
 .debug_line    0x0000000000001573       0xfe C:/Users/zdw7287/Downloads/Embedded-Systems-Design-I/cpet561/lab4/lab4_src/lab4_software_src/nios_software_bsp/\libhal_bsp.a(alt_tick.o)
 .debug_line    0x0000000000001671       0x51 C:/Users/zdw7287/Downloads/Embedded-Systems-Design-I/cpet561/lab4/lab4_src/lab4_software_src/nios_software_bsp/\libhal_bsp.a(altera_nios2_gen2_irq.o)
 .debug_line    0x00000000000016c2       0xb3 C:/Users/zdw7287/Downloads/Embedded-Systems-Design-I/cpet561/lab4/lab4_src/lab4_software_src/nios_software_bsp/\libhal_bsp.a(alt_exception_entry.o)
 .debug_line    0x0000000000001775       0xb5 C:/Users/zdw7287/Downloads/Embedded-Systems-Design-I/cpet561/lab4/lab4_src/lab4_software_src/nios_software_bsp/\libhal_bsp.a(alt_find_dev.o)
 .debug_line    0x000000000000182a       0xd1 C:/Users/zdw7287/Downloads/Embedded-Systems-Design-I/cpet561/lab4/lab4_src/lab4_software_src/nios_software_bsp/\libhal_bsp.a(alt_find_file.o)
 .debug_line    0x00000000000018fb       0xd8 C:/Users/zdw7287/Downloads/Embedded-Systems-Design-I/cpet561/lab4/lab4_src/lab4_software_src/nios_software_bsp/\libhal_bsp.a(alt_get_fd.o)
 .debug_line    0x00000000000019d3       0xb9 C:/Users/zdw7287/Downloads/Embedded-Systems-Design-I/cpet561/lab4/lab4_src/lab4_software_src/nios_software_bsp/\libhal_bsp.a(alt_instruction_exception_entry.o)
 .debug_line    0x0000000000001a8c       0xe7 c:/altera/15.1/nios2eds/bin/gnu/h-x86_64-mingw32/bin/../lib/gcc/nios2-elf/4.9.2/../../../../../H-x86_64-mingw32/nios2-elf/lib/mno-hw-mul\libc.a(lib_a-atexit.o)
 .debug_line    0x0000000000001b73      0x1fc c:/altera/15.1/nios2eds/bin/gnu/h-x86_64-mingw32/bin/../lib/gcc/nios2-elf/4.9.2/../../../../../H-x86_64-mingw32/nios2-elf/lib/mno-hw-mul\libc.a(lib_a-exit.o)
 .debug_line    0x0000000000001d6f      0x160 c:/altera/15.1/nios2eds/bin/gnu/h-x86_64-mingw32/bin/../lib/gcc/nios2-elf/4.9.2/../../../../../H-x86_64-mingw32/nios2-elf/lib/mno-hw-mul\libc.a(lib_a-impure.o)
 .debug_line    0x0000000000001ecf       0x5f c:/altera/15.1/nios2eds/bin/gnu/h-x86_64-mingw32/bin/../lib/gcc/nios2-elf/4.9.2/../../../../../H-x86_64-mingw32/nios2-elf/lib/mno-hw-mul\libc.a(lib_a-int_errno.o)
 .debug_line    0x0000000000001f2e      0x176 c:/altera/15.1/nios2eds/bin/gnu/h-x86_64-mingw32/bin/../lib/gcc/nios2-elf/4.9.2/../../../../../H-x86_64-mingw32/nios2-elf/lib/mno-hw-mul\libc.a(lib_a-memcmp.o)
 .debug_line    0x00000000000020a4      0x185 c:/altera/15.1/nios2eds/bin/gnu/h-x86_64-mingw32/bin/../lib/gcc/nios2-elf/4.9.2/../../../../../H-x86_64-mingw32/nios2-elf/lib/mno-hw-mul\libc.a(lib_a-memcpy.o)
 .debug_line    0x0000000000002229      0x16f c:/altera/15.1/nios2eds/bin/gnu/h-x86_64-mingw32/bin/../lib/gcc/nios2-elf/4.9.2/../../../../../H-x86_64-mingw32/nios2-elf/lib/mno-hw-mul\libc.a(lib_a-strlen.o)
 .debug_line    0x0000000000002398      0x225 c:/altera/15.1/nios2eds/bin/gnu/h-x86_64-mingw32/bin/../lib/gcc/nios2-elf/4.9.2/../../../../../H-x86_64-mingw32/nios2-elf/lib/mno-hw-mul\libc.a(lib_a-__atexit.o)
 .debug_line    0x00000000000025bd      0x241 c:/altera/15.1/nios2eds/bin/gnu/h-x86_64-mingw32/bin/../lib/gcc/nios2-elf/4.9.2/../../../../../H-x86_64-mingw32/nios2-elf/lib/mno-hw-mul\libc.a(lib_a-__call_atexit.o)
 .debug_line    0x00000000000027fe       0x80 c:/altera/15.1/nios2eds/bin/gnu/h-x86_64-mingw32/bin/../lib/gcc/nios2-elf/4.9.2/mno-hw-mul\libgcc.a(lib2-mul.o)
 .debug_line    0x000000000000287e       0x71 C:/Users/zdw7287/Downloads/Embedded-Systems-Design-I/cpet561/lab4/lab4_src/lab4_software_src/nios_software_bsp/\libhal_bsp.a(alt_exit.o)

.debug_frame    0x0000000000000000      0xa70
 *(.debug_frame)
 .debug_frame   0x0000000000000000       0x5c C:/Users/zdw7287/Downloads/Embedded-Systems-Design-I/cpet561/lab4/lab4_src/lab4_software_src/nios_software_bsp/\libhal_bsp.a(alt_load.o)
 .debug_frame   0x000000000000005c       0x2c C:/Users/zdw7287/Downloads/Embedded-Systems-Design-I/cpet561/lab4/lab4_src/lab4_software_src/nios_software_bsp/\libhal_bsp.a(alt_main.o)
 .debug_frame   0x0000000000000088       0x88 C:/Users/zdw7287/Downloads/Embedded-Systems-Design-I/cpet561/lab4/lab4_src/lab4_software_src/nios_software_bsp/\libhal_bsp.a(alt_sys_init.o)
 .debug_frame   0x0000000000000110       0xb0 C:/Users/zdw7287/Downloads/Embedded-Systems-Design-I/cpet561/lab4/lab4_src/lab4_software_src/nios_software_bsp/\libhal_bsp.a(altera_avalon_jtag_uart_fd.o)
 .debug_frame   0x00000000000001c0       0xa4 C:/Users/zdw7287/Downloads/Embedded-Systems-Design-I/cpet561/lab4/lab4_src/lab4_software_src/nios_software_bsp/\libhal_bsp.a(altera_avalon_jtag_uart_init.o)
 .debug_frame   0x0000000000000264       0x34 C:/Users/zdw7287/Downloads/Embedded-Systems-Design-I/cpet561/lab4/lab4_src/lab4_software_src/nios_software_bsp/\libhal_bsp.a(altera_avalon_jtag_uart_ioctl.o)
 .debug_frame   0x0000000000000298       0x38 C:/Users/zdw7287/Downloads/Embedded-Systems-Design-I/cpet561/lab4/lab4_src/lab4_software_src/nios_software_bsp/\libhal_bsp.a(altera_avalon_jtag_uart_read.o)
 .debug_frame   0x00000000000002d0       0x38 C:/Users/zdw7287/Downloads/Embedded-Systems-Design-I/cpet561/lab4/lab4_src/lab4_software_src/nios_software_bsp/\libhal_bsp.a(altera_avalon_jtag_uart_write.o)
 .debug_frame   0x0000000000000308       0x34 C:/Users/zdw7287/Downloads/Embedded-Systems-Design-I/cpet561/lab4/lab4_src/lab4_software_src/nios_software_bsp/\libhal_bsp.a(alt_alarm_start.o)
 .debug_frame   0x000000000000033c       0x60 C:/Users/zdw7287/Downloads/Embedded-Systems-Design-I/cpet561/lab4/lab4_src/lab4_software_src/nios_software_bsp/\libhal_bsp.a(alt_close.o)
 .debug_frame   0x000000000000039c       0x34 C:/Users/zdw7287/Downloads/Embedded-Systems-Design-I/cpet561/lab4/lab4_src/lab4_software_src/nios_software_bsp/\libhal_bsp.a(alt_dcache_flush_all.o)
 .debug_frame   0x00000000000003d0       0x34 C:/Users/zdw7287/Downloads/Embedded-Systems-Design-I/cpet561/lab4/lab4_src/lab4_software_src/nios_software_bsp/\libhal_bsp.a(alt_dev.o)
 .debug_frame   0x0000000000000404       0x60 C:/Users/zdw7287/Downloads/Embedded-Systems-Design-I/cpet561/lab4/lab4_src/lab4_software_src/nios_software_bsp/\libhal_bsp.a(alt_dev_llist_insert.o)
 .debug_frame   0x0000000000000464       0x38 C:/Users/zdw7287/Downloads/Embedded-Systems-Design-I/cpet561/lab4/lab4_src/lab4_software_src/nios_software_bsp/\libhal_bsp.a(alt_do_ctors.o)
 .debug_frame   0x000000000000049c       0x38 C:/Users/zdw7287/Downloads/Embedded-Systems-Design-I/cpet561/lab4/lab4_src/lab4_software_src/nios_software_bsp/\libhal_bsp.a(alt_do_dtors.o)
 .debug_frame   0x00000000000004d4       0x34 C:/Users/zdw7287/Downloads/Embedded-Systems-Design-I/cpet561/lab4/lab4_src/lab4_software_src/nios_software_bsp/\libhal_bsp.a(alt_icache_flush_all.o)
 .debug_frame   0x0000000000000508       0xa4 C:/Users/zdw7287/Downloads/Embedded-Systems-Design-I/cpet561/lab4/lab4_src/lab4_software_src/nios_software_bsp/\libhal_bsp.a(alt_iic.o)
 .debug_frame   0x00000000000005ac       0x38 C:/Users/zdw7287/Downloads/Embedded-Systems-Design-I/cpet561/lab4/lab4_src/lab4_software_src/nios_software_bsp/\libhal_bsp.a(alt_iic_isr_register.o)
 .debug_frame   0x00000000000005e4       0x64 C:/Users/zdw7287/Downloads/Embedded-Systems-Design-I/cpet561/lab4/lab4_src/lab4_software_src/nios_software_bsp/\libhal_bsp.a(alt_io_redirect.o)
 .debug_frame   0x0000000000000648       0x38 C:/Users/zdw7287/Downloads/Embedded-Systems-Design-I/cpet561/lab4/lab4_src/lab4_software_src/nios_software_bsp/\libhal_bsp.a(alt_irq_handler.o)
 .debug_frame   0x0000000000000680       0x8c C:/Users/zdw7287/Downloads/Embedded-Systems-Design-I/cpet561/lab4/lab4_src/lab4_software_src/nios_software_bsp/\libhal_bsp.a(alt_open.o)